******************************************************************************
             TMS320C2000 Linker PC v22.6.0                     
******************************************************************************
>> Linked Thu Sep 14 21:36:43 2023

OUTPUT FILE NAME:   <MagLev.out>
ENTRY POINT SYMBOL: "code_start"  address: 00000000


MEMORY CONFIGURATION

         name            origin    length      used     unused   attr    fill
----------------------  --------  ---------  --------  --------  ----  --------
PAGE 0:
  BEGIN                 00000000   00000002  00000002  00000000  RWIX
  RAMM0                 00000123   000002dd  0000004c  00000291  RWIX
  RAMLS0                00008000   00000800  00000800  00000000  RWIX
  RAMLS1                00008800   00000800  0000077f  00000081  RWIX
  RAMLS2                00009000   00000800  00000000  00000800  RWIX
  RAMLS3                00009800   00000800  00000000  00000800  RWIX
  RAMLS4                0000a000   00000800  00000000  00000800  RWIX
  RAMD0                 0000b000   00000800  00000800  00000000  RWIX
  FLASHA                00080002   00001ffe  00000000  00001ffe  RWIX
  FLASHB                00082000   00002000  00000000  00002000  RWIX
  FLASHC                00084000   00002000  00000000  00002000  RWIX
  FLASHD                00086000   00002000  00000000  00002000  RWIX
  FLASHE                00088000   00008000  00000000  00008000  RWIX
  FLASHF                00090000   00008000  00000000  00008000  RWIX
  FLASHG                00098000   00008000  00000000  00008000  RWIX
  FLASHH                000a0000   00008000  00000000  00008000  RWIX
  FLASHI                000a8000   00008000  00000000  00008000  RWIX
  FLASHJ                000b0000   00008000  00000000  00008000  RWIX
  FLASHK                000b8000   00002000  00000000  00002000  RWIX
  FLASHL                000ba000   00002000  00000000  00002000  RWIX
  FLASHM                000bc000   00002000  00000000  00002000  RWIX
  FLASHN                000be000   00001ff0  00000000  00001ff0  RWIX
  RESET                 003fffc0   00000002  00000000  00000002  RWIX

PAGE 1:
  BOOT_RSVD             00000002   00000121  00000000  00000121  RWIX
  RAMM1                 00000400   000003f8  000003f8  00000000  RWIX
  RAMLS5                0000a800   00000800  0000035f  000004a1  RWIX
  RAMD1                 0000b800   00000800  00000000  00000800  RWIX
  RAMGS0                0000c000   00001000  00000000  00001000  RWIX
  RAMGS1                0000d000   00001000  00000000  00001000  RWIX
  RAMGS2                0000e000   00001000  00000000  00001000  RWIX
  RAMGS3                0000f000   00001000  00000000  00001000  RWIX
  RAMGS4                00010000   00001000  00000000  00001000  RWIX
  RAMGS5                00011000   00001000  00000000  00001000  RWIX
  RAMGS6                00012000   00001000  00000000  00001000  RWIX
  RAMGS7                00013000   00001000  00000000  00001000  RWIX
  RAMGS8                00014000   00001000  00000000  00001000  RWIX
  RAMGS9                00015000   00001000  00000000  00001000  RWIX
  RAMGS10               00016000   00001000  00000000  00001000  RWIX
  RAMGS11               00017000   00001000  00000000  00001000  RWIX
  RAMGS12               00018000   00001000  00000000  00001000  RWIX
  RAMGS13               00019000   00001000  00000000  00001000  RWIX
  RAMGS14               0001a000   00001000  00000000  00001000  RWIX
  RAMGS15               0001b000   00000ff8  00000000  00000ff8  RWIX
  CPU2TOCPU1RAM         0003f800   00000400  00000000  00000400  RWIX
  CPU1TOCPU2RAM         0003fc00   00000400  00000000  00000400  RWIX
  CANA_MSG_RAM          00049000   00000800  00000000  00000800  RWIX
  CANB_MSG_RAM          0004b000   00000800  00000000  00000800  RWIX


SECTION ALLOCATION MAP

 output                                  attributes/
section   page    origin      length       input sections
--------  ----  ----------  ----------   ----------------
codestart 
*          0    00000000    00000002     
                  00000000    00000002     F2837xD_CodeStartBranch.obj (codestart)

.cinit     0    00000128    00000048     
                  00000128    00000034     (.cinit..data.load) [load image, compression = lzss]
                  0000015c    00000006     (__TI_handler_table)
                  00000162    00000004     (.cinit..bss.load) [load image, compression = zero_init]
                  00000166    00000002     --HOLE-- [fill = 0]
                  00000168    00000008     (__TI_cinit_table)

.reset     0    003fffc0    00000000     DSECT

.stack     1    00000400    000003f8     UNINITIALIZED
                  00000400    000003f8     --HOLE--

.bss       1    0000aac0    00000064     UNINITIALIZED
                  0000aac0    00000030     PID_controller.obj (.bss)
                  0000aaf0    00000010     --HOLE--
                  0000ab00    00000024     Filter.obj (.bss)

.init_array 
*          0    00000123    00000000     UNINITIALIZED

.const     1    0000a800    000002a9     
                  0000a800    000000c2     driverlib_eabi.lib : sysctl.obj (.const:.string)
                  0000a8c2    000000bc                        : gpio.obj (.const:.string)
                  0000a97e    0000007c     Levitation.obj (.const:.string)
                  0000a9fa    0000005d     driverlib_eabi.lib : adc.obj (.const:.string)
                  0000aa57    00000001     --HOLE-- [fill = 0]
                  0000aa58    0000003e     Current_Control_Loop.obj (.const:.string)
                  0000aa96    00000013     device.obj (.const:.string)

.data      1    0000ab24    00000052     UNINITIALIZED
                  0000ab24    00000010     Levitation.obj (.data)
                  0000ab34    00000006     device.obj (.data)
                  0000ab3a    00000006     rts2800_fpu32_eabi.lib : exit.c.obj (.data)
                  0000ab40    00000030     Application_Init.obj (.data)
                  0000ab70    00000002     Position_Control_Loop.obj (.data)
                  0000ab72    00000002     rts2800_fpu32_eabi.lib : _lock.c.obj (.data:_lock)
                  0000ab74    00000002                            : _lock.c.obj (.data:_unlock)

.TI.ramfunc 
*          0    00000123    00000004     
                  00000123    00000004     driverlib_eabi.lib : sysctl.obj (.TI.ramfunc)

GETBUFFER 
*          0    0003f800    00000000     DSECT

GETWRITEIDX 
*          0    0003f800    00000000     DSECT

PUTREADIDX 
*          0    0003f800    00000000     DSECT

.text.1    0    00008000    00000800     
                  00008000    000003fa     device.obj (.text)
                  000083fa    00000206     driverlib_eabi.lib : sysctl.obj (.text:SysCtl_setClock)
                  00008600    000000d5     Levitation.obj (.text:retain)
                  000086d5    000000b0     Current_Control_Loop.obj (.text)
                  00008785    0000006f     driverlib_eabi.lib : adc.obj (.text:ADC_setINLTrim)
                  000087f4    0000000c     rts2800_fpu32_eabi.lib : args_main.c.obj (.text)

.text.2    0    00008800    0000077f     
                  00008800    0000008a     driverlib_eabi.lib : sysctl.obj (.text:SysCtl_selectXTAL)
                  0000888a    00000088     rts2800_fpu32_eabi.lib : fs_div28.asm.obj (.text)
                  00008912    00000081     Filter.obj (.text)
                  00008993    00000068     driverlib_eabi.lib : sysctl.obj (.text:SysCtl_getDeviceParametric)
                  000089fb    00000060                        : adc.obj (.text:ADC_setOffsetTrim)
                  00008a5b    00000060     Position_Control_Loop.obj (.text)
                  00008abb    00000052     driverlib_eabi.lib : gpio.obj (.text:GPIO_setPadConfig)
                  00008b0d    00000051                        : sysctl.obj (.text:SysCtl_getClock)
                  00008b5e    0000004b     Application_Init.obj (.text)
                  00008ba9    00000048     driverlib_eabi.lib : sysctl.obj (.text:SysCtl_selectOscSource)
                  00008bf1    0000003d                        : interrupt.obj (.text:Interrupt_initModule)
                  00008c2e    00000037                        : gpio.obj (.text:GPIO_setPinConfig)
                  00008c65    00000037                        : gpio.obj (.text:GPIO_setQualificationMode)
                  00008c9c    00000037                        : interrupt.obj (.text:Interrupt_enable)
                  00008cd3    00000031                        : gpio.obj (.text:GPIO_setDirectionMode)
                  00008d04    0000002f                        : adc.obj (.text:ADC_setMode)
                  00008d33    0000002e     rts2800_fpu32_eabi.lib : copy_decompress_lzss.c.obj (.text:decompress:lzss)
                  00008d61    0000002b                            : autoinit.c.obj (.text:__TI_auto_init_nobinit_nopinit)
                  00008d8c    00000029                            : exit.c.obj (.text)
                  00008db5    00000021     driverlib_eabi.lib : sysctl.obj (.text:CPUTimer_selectClockSource)
                  00008dd6    0000001f                        : sysctl.obj (.text:CPUTimer_getTimerOverflowStatus)
                  00008df5    0000001e                        : interrupt.obj (.text:Interrupt_initVectorTable)
                  00008e13    0000001d     rts2800_fpu32_eabi.lib : memcpy.c.obj (.text)
                  00008e30    0000001b     driverlib_eabi.lib : adc.obj (.text:ADC_isBaseValid)
                  00008e4b    0000001a                        : sysctl.obj (.text:CPUTimer_startTimer)
                  00008e65    0000001a                        : sysctl.obj (.text:SysCtl_getLowSpeedClock)
                  00008e7f    00000017                        : sysctl.obj (.text:CPUTimer_isBaseValid)
                  00008e96    00000017     rts2800_fpu32_eabi.lib : boot28.asm.obj (.text)
                  00008ead    00000014     driverlib_eabi.lib : sysctl.obj (.text:CPUTimer_stopTimer)
                  00008ec1    00000012                        : sysctl.obj (.text:CPUTimer_clearOverflowFlag)
                  00008ed3    00000012                        : sysctl.obj (.text:CPUTimer_disableInterrupt)
                  00008ee5    00000011                        : sysctl.obj (.text:CPUTimer_setPeriod)
                  00008ef6    0000000f                        : sysctl.obj (.text:SysCtl_pollCpuTimer)
                  00008f05    0000000e                        : gpio.obj (.text:GPIO_isPinValid)
                  00008f13    0000000e                        : interrupt.obj (.text:Interrupt_defaultHandler)
                  00008f21    0000000d                        : interrupt.obj (.text:Interrupt_disableGlobal)
                  00008f2e    0000000d                        : interrupt.obj (.text:Interrupt_enableGlobal)
                  00008f3b    0000000d     rts2800_fpu32_eabi.lib : copy_zero_init.c.obj (.text:decompress:ZI:__TI_zero_init_nomemset)
                  00008f48    0000000b     driverlib_eabi.lib : sysctl.obj (.text:SysCtl_isMCDClockFailureDetected)
                  00008f53    00000009                        : sysctl.obj (.text:SysCtl_serviceWatchdog)
                  00008f5c    00000009     rts2800_fpu32_eabi.lib : _lock.c.obj (.text)
                  00008f65    00000008     F2837xD_CodeStartBranch.obj (.text)
                  00008f6d    00000008     rts2800_fpu32_eabi.lib : copy_decompress_none.c.obj (.text:decompress:none)
                  00008f75    00000007     driverlib_eabi.lib : sysctl.obj (.text:SysCtl_resetMCD)
                  00008f7c    00000002     rts2800_fpu32_eabi.lib : pre_init.c.obj (.text)
                  00008f7e    00000001                            : startup.c.obj (.text)

.text.3    0    0000b000    00000800     
                  0000b000    000006bc     Levitation.obj (.text)
                  0000b6bc    00000109     PID_controller.obj (.text)
                  0000b7c5    00000037     driverlib_eabi.lib : gpio.obj (.text:GPIO_setControllerCore)
                  0000b7fc    00000002                        : interrupt.obj (.text:Interrupt_illegalOperationHandler)
                  0000b7fe    00000002                        : interrupt.obj (.text:Interrupt_nmiHandler)

MODULE SUMMARY

       Module                        code   ro data   rw data
       ------                        ----   -------   -------
    .\
       Levitation.obj                1937   124       16     
    +--+-----------------------------+------+---------+---------+
       Total:                        1937   124       16     
                                                             
    .\Control\
       PID_controller.obj            265    0         48     
       Current_Control_Loop.obj      176    62        0      
       Filter.obj                    129    0         36     
       Application_Init.obj          75     0         48     
       Position_Control_Loop.obj     96     0         2      
    +--+-----------------------------+------+---------+---------+
       Total:                        741    62        134    
                                                             
    .\device\
       device.obj                    1018   19        6      
       F2837xD_CodeStartBranch.obj   10     0         0      
    +--+-----------------------------+------+---------+---------+
       Total:                        1028   19        6      
                                                             
    C:\ti\C2000Ware_4_03_00_00\driverlib\f2837xd\driverlib\ccs\Debug\driverlib_eabi.lib
       sysctl.obj                    1171   194       0      
       gpio.obj                      310    188       0      
       adc.obj                       281    93        0      
       interrupt.obj                 190    0         0      
    +--+-----------------------------+------+---------+---------+
       Total:                        1952   475       0      
                                                             
    C:\ti\ccs1220\ccs\tools\compiler\ti-cgt-c2000_22.6.0.LTS\lib\rts2800_fpu32_eabi.lib
       fs_div28.asm.obj              136    0         0      
       exit.c.obj                    41     0         6      
       copy_decompress_lzss.c.obj    46     0         0      
       autoinit.c.obj                43     0         0      
       memcpy.c.obj                  29     0         0      
       boot28.asm.obj                23     0         0      
       _lock.c.obj                   9      0         4      
       copy_zero_init.c.obj          13     0         0      
       args_main.c.obj               12     0         0      
       copy_decompress_none.c.obj    8      0         0      
       pre_init.c.obj                2      0         0      
       startup.c.obj                 1      0         0      
    +--+-----------------------------+------+---------+---------+
       Total:                        363    0         10     
                                                             
       Stack:                        0      0         1016   
       Linker Generated:             0      70        0      
    +--+-----------------------------+------+---------+---------+
       Grand Total:                  6021   750       1182   


LINKER GENERATED COPY TABLES

__TI_cinit_table @ 00000168 records: 2, size/record: 4, table size: 8
	.data: load addr=00000128, load size=00000034 bytes, run addr=0000ab24, run size=00000052 bytes, compression=lzss
	.bss: load addr=00000162, load size=00000004 bytes, run addr=0000aac0, run size=00000064 bytes, compression=zero_init


LINKER GENERATED HANDLER TABLE

__TI_handler_table @ 0000015c records: 3, size/record: 2, table size: 6
	index: 0, handler: __TI_zero_init
	index: 1, handler: __TI_decompress_lzss
	index: 2, handler: __TI_decompress_none


GLOBAL DATA SYMBOLS: SORTED BY DATA PAGE

address     data page           name
--------    ----------------    ----
00000400      10 (00000400)     __stack

0000aac0     2ab (0000aac0)     PID_Position_Control
0000aad8     2ab (0000aac0)     PID_Current_Control

0000ab00     2ac (0000ab00)     Filter_Notch
0000ab12     2ac (0000ab00)     Filter_BP
0000ab24     2ac (0000ab00)     calibration
0000ab26     2ac (0000ab00)     gap_setpoint
0000ab28     2ac (0000ab00)     Current_setpoint
0000ab2a     2ac (0000ab00)     Current_Voltage
0000ab2c     2ac (0000ab00)     Gap_Voltage
0000ab2e     2ac (0000ab00)     period
0000ab30     2ac (0000ab00)     current_error
0000ab32     2ac (0000ab00)     gap_error
0000ab34     2ac (0000ab00)     Example_Result
0000ab36     2ac (0000ab00)     Example_PassCount
0000ab38     2ac (0000ab00)     Example_Fail
0000ab3a     2ac (0000ab00)     __TI_enable_exit_profile_output
0000ab3c     2ac (0000ab00)     __TI_cleanup_ptr
0000ab3e     2ac (0000ab00)     __TI_dtors_ptr

0000ab40     2ad (0000ab40)     NOTCH_NUM_COEFF_0
0000ab42     2ad (0000ab40)     NOTCH_NUM_COEFF_1
0000ab44     2ad (0000ab40)     NOTCH_NUM_COEFF_2
0000ab46     2ad (0000ab40)     NOTCH_DEN_COEFF_1
0000ab48     2ad (0000ab40)     NOTCH_DEN_COEFF_2
0000ab4a     2ad (0000ab40)     BP_NUM_COEFF_0
0000ab4c     2ad (0000ab40)     BP_NUM_COEFF_1
0000ab4e     2ad (0000ab40)     BP_NUM_COEFF_2
0000ab50     2ad (0000ab40)     BP_DEN_COEFF_1
0000ab52     2ad (0000ab40)     BP_DEN_COEFF_2
0000ab54     2ad (0000ab40)     PID_POS_CONTROL_KP
0000ab56     2ad (0000ab40)     PID_POS_CONTROL_KI
0000ab58     2ad (0000ab40)     PID_POS_CONTROL_KD
0000ab5a     2ad (0000ab40)     PID_POS_CONTROL_TS
0000ab5c     2ad (0000ab40)     PID_POS_CONTROL_N
0000ab5e     2ad (0000ab40)     PID_POS_CONTROL_ACC_LIMIT_P
0000ab60     2ad (0000ab40)     PID_POS_CONTROL_ACC_LIMIT_N
0000ab62     2ad (0000ab40)     PID_CUR_CONTROL_KP
0000ab64     2ad (0000ab40)     PID_CUR_CONTROL_KI
0000ab66     2ad (0000ab40)     PID_CUR_CONTROL_KD
0000ab68     2ad (0000ab40)     PID_CUR_CONTROL_TS
0000ab6a     2ad (0000ab40)     PID_CUR_CONTROL_N
0000ab6c     2ad (0000ab40)     PID_CUR_CONTROL_ACC_LIMIT_P
0000ab6e     2ad (0000ab40)     PID_CUR_CONTROL_ACC_LIMIT_N
0000ab72     2ad (0000ab40)     _lock
0000ab74     2ad (0000ab40)     _unlock


GLOBAL SYMBOLS: SORTED ALPHABETICALLY BY Name 

page  address   name                                     
----  -------   ----                                     
0     00008785  ADC_setINLTrim                           
0     00008d04  ADC_setMode                              
0     000089fb  ADC_setOffsetTrim                        
0     00008944  ASW_IIR_second_order                     
0     00008912  ASW_IIR_second_order_init                
0     00008b5e  Application_Init                         
1     0000ab50  BP_DEN_COEFF_1                           
1     0000ab52  BP_DEN_COEFF_2                           
1     0000ab4a  BP_NUM_COEFF_0                           
1     0000ab4c  BP_NUM_COEFF_1                           
1     0000ab4e  BP_NUM_COEFF_2                           
0     00008d8c  C$$EXIT                                  
0     00008732  Current_Control_Loop                     
1     0000ab2a  Current_Voltage                          
1     0000ab28  Current_setpoint                         
0     0000826e  Device_bootCPU2                          
0     0000823d  Device_configureTMXAnalogTrim            
0     000080eb  Device_enableAllPeripherals              
0     00008227  Device_enableUnbondedGPIOPullups         
0     0000820a  Device_enableUnbondedGPIOPullupsFor100Pin
0     000081f7  Device_enableUnbondedGPIOPullupsFor176Pin
0     000080ab  Device_init                              
0     000081d6  Device_initGPIO                          
1     0000ab38  Example_Fail                             
1     0000ab36  Example_PassCount                        
1     0000ab34  Example_Result                           
0     000083f9  Example_done                             
0     000083f4  Example_setResultFail                    
0     000083ef  Example_setResultPass                    
1     0000ab12  Filter_BP                                
1     0000ab00  Filter_Notch                             
0     0000b7c5  GPIO_setControllerCore                   
0     00008cd3  GPIO_setDirectionMode                    
0     00008abb  GPIO_setPadConfig                        
0     00008c2e  GPIO_setPinConfig                        
0     00008c65  GPIO_setQualificationMode                
1     0000ab2c  Gap_Voltage                              
0     0000b6bc  Initialise_PID                           
0     00008c9c  Interrupt_enable                         
0     00008bf1  Interrupt_initModule                     
0     00008df5  Interrupt_initVectorTable                
1     0000ab46  NOTCH_DEN_COEFF_1                        
1     0000ab48  NOTCH_DEN_COEFF_2                        
1     0000ab40  NOTCH_NUM_COEFF_0                        
1     0000ab42  NOTCH_NUM_COEFF_1                        
1     0000ab44  NOTCH_NUM_COEFF_2                        
1     0000ab6e  PID_CUR_CONTROL_ACC_LIMIT_N              
1     0000ab6c  PID_CUR_CONTROL_ACC_LIMIT_P              
1     0000ab66  PID_CUR_CONTROL_KD                       
1     0000ab64  PID_CUR_CONTROL_KI                       
1     0000ab62  PID_CUR_CONTROL_KP                       
1     0000ab6a  PID_CUR_CONTROL_N                        
1     0000ab68  PID_CUR_CONTROL_TS                       
0     0000b6f7  PID_Control                              
1     0000aad8  PID_Current_Control                      
1     0000ab60  PID_POS_CONTROL_ACC_LIMIT_N              
1     0000ab5e  PID_POS_CONTROL_ACC_LIMIT_P              
1     0000ab58  PID_POS_CONTROL_KD                       
1     0000ab56  PID_POS_CONTROL_KI                       
1     0000ab54  PID_POS_CONTROL_KP                       
1     0000ab5c  PID_POS_CONTROL_N                        
1     0000ab5a  PID_POS_CONTROL_TS                       
1     0000aac0  PID_Position_Control                     
0     0000b64a  PinMux_init                              
0     00008a5b  Position_Control_Loop                    
0     00000123  SysCtl_delay                             
0     00008b0d  SysCtl_getClock                          
0     00008993  SysCtl_getDeviceParametric               
0     00008e65  SysCtl_getLowSpeedClock                  
0     00008ba9  SysCtl_selectOscSource                   
0     00008800  SysCtl_selectXTAL                        
0     000083fa  SysCtl_setClock                          
0     00000168  __TI_CINIT_Base                          
0     00000170  __TI_CINIT_Limit                         
0     00000170  __TI_CINIT_Warm                          
0     0000015c  __TI_Handler_Table_Base                  
0     00000162  __TI_Handler_Table_Limit                 
1     000007f8  __TI_STACK_END                           
abs   000003f8  __TI_STACK_SIZE                          
0     00008d61  __TI_auto_init_nobinit_nopinit           
1     0000ab3c  __TI_cleanup_ptr                         
0     00008d33  __TI_decompress_lzss                     
0     00008f6d  __TI_decompress_none                     
1     0000ab3e  __TI_dtors_ptr                           
1     0000ab3a  __TI_enable_exit_profile_output          
abs   ffffffff  __TI_pprof_out_hndl                      
abs   ffffffff  __TI_prof_data_size                      
abs   ffffffff  __TI_prof_data_start                     
0     00008f3b  __TI_zero_init_nomemset                  
0     0000888a  __c28xabi_divf                           
n/a   UNDEFED   __c_args__                               
0     000083e8  __error__                                
1     00000400  __stack                                  
0     000087f4  _args_main                               
0     00008e96  _c_int00                                 
1     0000ab72  _lock                                    
0     00008f64  _nop                                     
0     00008f60  _register_lock                           
0     00008f5c  _register_unlock                         
0     00008f7e  _system_post_cinit                       
0     00008f7c  _system_pre_init                         
1     0000ab74  _unlock                                  
0     00008d8c  abort                                    
0     00008600  adcA1ISR                                 
0     00008663  adcB1ISR                                 
1     0000ab24  calibration                              
0     00000000  code_start                               
0     0000b500  configureADC                             
1     0000ab30  current_error                            
0     00008d8e  exit                                     
1     0000ab32  gap_error                                
1     0000ab26  gap_setpoint                             
0     0000b518  initADCSOCA                              
0     0000b542  initADCSOCB                              
0     0000b56c  initEPWM1                                
0     0000b5c0  initEPWM2                                
0     0000b596  initEPWM3                                
0     0000b4af  main                                     
0     00008e13  memcpy                                   
1     0000ab2e  period                                   


GLOBAL SYMBOLS: SORTED BY Symbol Address 

page  address   name                                     
----  -------   ----                                     
0     00000000  code_start                               
0     00000123  SysCtl_delay                             
0     0000015c  __TI_Handler_Table_Base                  
0     00000162  __TI_Handler_Table_Limit                 
0     00000168  __TI_CINIT_Base                          
0     00000170  __TI_CINIT_Limit                         
0     00000170  __TI_CINIT_Warm                          
0     000080ab  Device_init                              
0     000080eb  Device_enableAllPeripherals              
0     000081d6  Device_initGPIO                          
0     000081f7  Device_enableUnbondedGPIOPullupsFor176Pin
0     0000820a  Device_enableUnbondedGPIOPullupsFor100Pin
0     00008227  Device_enableUnbondedGPIOPullups         
0     0000823d  Device_configureTMXAnalogTrim            
0     0000826e  Device_bootCPU2                          
0     000083e8  __error__                                
0     000083ef  Example_setResultPass                    
0     000083f4  Example_setResultFail                    
0     000083f9  Example_done                             
0     000083fa  SysCtl_setClock                          
0     00008600  adcA1ISR                                 
0     00008663  adcB1ISR                                 
0     00008732  Current_Control_Loop                     
0     00008785  ADC_setINLTrim                           
0     000087f4  _args_main                               
0     00008800  SysCtl_selectXTAL                        
0     0000888a  __c28xabi_divf                           
0     00008912  ASW_IIR_second_order_init                
0     00008944  ASW_IIR_second_order                     
0     00008993  SysCtl_getDeviceParametric               
0     000089fb  ADC_setOffsetTrim                        
0     00008a5b  Position_Control_Loop                    
0     00008abb  GPIO_setPadConfig                        
0     00008b0d  SysCtl_getClock                          
0     00008b5e  Application_Init                         
0     00008ba9  SysCtl_selectOscSource                   
0     00008bf1  Interrupt_initModule                     
0     00008c2e  GPIO_setPinConfig                        
0     00008c65  GPIO_setQualificationMode                
0     00008c9c  Interrupt_enable                         
0     00008cd3  GPIO_setDirectionMode                    
0     00008d04  ADC_setMode                              
0     00008d33  __TI_decompress_lzss                     
0     00008d61  __TI_auto_init_nobinit_nopinit           
0     00008d8c  C$$EXIT                                  
0     00008d8c  abort                                    
0     00008d8e  exit                                     
0     00008df5  Interrupt_initVectorTable                
0     00008e13  memcpy                                   
0     00008e65  SysCtl_getLowSpeedClock                  
0     00008e96  _c_int00                                 
0     00008f3b  __TI_zero_init_nomemset                  
0     00008f5c  _register_unlock                         
0     00008f60  _register_lock                           
0     00008f64  _nop                                     
0     00008f6d  __TI_decompress_none                     
0     00008f7c  _system_pre_init                         
0     00008f7e  _system_post_cinit                       
0     0000b4af  main                                     
0     0000b500  configureADC                             
0     0000b518  initADCSOCA                              
0     0000b542  initADCSOCB                              
0     0000b56c  initEPWM1                                
0     0000b596  initEPWM3                                
0     0000b5c0  initEPWM2                                
0     0000b64a  PinMux_init                              
0     0000b6bc  Initialise_PID                           
0     0000b6f7  PID_Control                              
0     0000b7c5  GPIO_setControllerCore                   
1     00000400  __stack                                  
1     000007f8  __TI_STACK_END                           
1     0000aac0  PID_Position_Control                     
1     0000aad8  PID_Current_Control                      
1     0000ab00  Filter_Notch                             
1     0000ab12  Filter_BP                                
1     0000ab24  calibration                              
1     0000ab26  gap_setpoint                             
1     0000ab28  Current_setpoint                         
1     0000ab2a  Current_Voltage                          
1     0000ab2c  Gap_Voltage                              
1     0000ab2e  period                                   
1     0000ab30  current_error                            
1     0000ab32  gap_error                                
1     0000ab34  Example_Result                           
1     0000ab36  Example_PassCount                        
1     0000ab38  Example_Fail                             
1     0000ab3a  __TI_enable_exit_profile_output          
1     0000ab3c  __TI_cleanup_ptr                         
1     0000ab3e  __TI_dtors_ptr                           
1     0000ab40  NOTCH_NUM_COEFF_0                        
1     0000ab42  NOTCH_NUM_COEFF_1                        
1     0000ab44  NOTCH_NUM_COEFF_2                        
1     0000ab46  NOTCH_DEN_COEFF_1                        
1     0000ab48  NOTCH_DEN_COEFF_2                        
1     0000ab4a  BP_NUM_COEFF_0                           
1     0000ab4c  BP_NUM_COEFF_1                           
1     0000ab4e  BP_NUM_COEFF_2                           
1     0000ab50  BP_DEN_COEFF_1                           
1     0000ab52  BP_DEN_COEFF_2                           
1     0000ab54  PID_POS_CONTROL_KP                       
1     0000ab56  PID_POS_CONTROL_KI                       
1     0000ab58  PID_POS_CONTROL_KD                       
1     0000ab5a  PID_POS_CONTROL_TS                       
1     0000ab5c  PID_POS_CONTROL_N                        
1     0000ab5e  PID_POS_CONTROL_ACC_LIMIT_P              
1     0000ab60  PID_POS_CONTROL_ACC_LIMIT_N              
1     0000ab62  PID_CUR_CONTROL_KP                       
1     0000ab64  PID_CUR_CONTROL_KI                       
1     0000ab66  PID_CUR_CONTROL_KD                       
1     0000ab68  PID_CUR_CONTROL_TS                       
1     0000ab6a  PID_CUR_CONTROL_N                        
1     0000ab6c  PID_CUR_CONTROL_ACC_LIMIT_P              
1     0000ab6e  PID_CUR_CONTROL_ACC_LIMIT_N              
1     0000ab72  _lock                                    
1     0000ab74  _unlock                                  
abs   000003f8  __TI_STACK_SIZE                          
abs   ffffffff  __TI_pprof_out_hndl                      
abs   ffffffff  __TI_prof_data_size                      
abs   ffffffff  __TI_prof_data_start                     
n/a   UNDEFED   __c_args__                               

[120 symbols]
