<?xml version="1.0" encoding="ISO-8859-1" ?>
<link_info>
   <banner>TMS320C2000 Linker PC v22.6.0.LTS</banner>
   <copyright>Copyright (c) 1996-2018 Texas Instruments Incorporated</copyright>
   <link_time>0x643ed979</link_time>
   <link_errors>0x0</link_errors>
   <output_file>MagLev.out</output_file>
   <entry_point>
      <name>code_start</name>
      <address>0x80000</address>
   </entry_point>
   <input_file_list>
      <input_file id="fl-2">
         <path>.\</path>
         <kind>object</kind>
         <file>Levitation.obj</file>
         <name>Levitation.obj</name>
      </input_file>
      <input_file id="fl-3">
         <path>.\Control\</path>
         <kind>object</kind>
         <file>Application_Init.obj</file>
         <name>Application_Init.obj</name>
      </input_file>
      <input_file id="fl-4">
         <path>.\Control\</path>
         <kind>object</kind>
         <file>Control_Loop_1.obj</file>
         <name>Control_Loop_1.obj</name>
      </input_file>
      <input_file id="fl-5">
         <path>.\Control\</path>
         <kind>object</kind>
         <file>Control_Loop_2.obj</file>
         <name>Control_Loop_2.obj</name>
      </input_file>
      <input_file id="fl-6">
         <path>.\Control\</path>
         <kind>object</kind>
         <file>Filter.obj</file>
         <name>Filter.obj</name>
      </input_file>
      <input_file id="fl-7">
         <path>.\Control\</path>
         <kind>object</kind>
         <file>PID_controller.obj</file>
         <name>PID_controller.obj</name>
      </input_file>
      <input_file id="fl-8">
         <path>.\device\</path>
         <kind>object</kind>
         <file>F2837xD_CodeStartBranch.obj</file>
         <name>F2837xD_CodeStartBranch.obj</name>
      </input_file>
      <input_file id="fl-9">
         <path>.\device\</path>
         <kind>object</kind>
         <file>device.obj</file>
         <name>device.obj</name>
      </input_file>
      <input_file id="fl-e">
         <kind>object</kind>
         <file>&lt;internal&gt;</file>
         <name>&lt;internal&gt;</name>
      </input_file>
      <input_file id="fl-12">
         <path>C:\ti\C2000Ware_4_03_00_00\driverlib\f2837xd\driverlib\ccs\Debug\</path>
         <kind>archive</kind>
         <file>driverlib_eabi.lib</file>
         <name>adc.obj</name>
      </input_file>
      <input_file id="fl-13">
         <path>C:\ti\C2000Ware_4_03_00_00\driverlib\f2837xd\driverlib\ccs\Debug\</path>
         <kind>archive</kind>
         <file>driverlib_eabi.lib</file>
         <name>flash.obj</name>
      </input_file>
      <input_file id="fl-14">
         <path>C:\ti\C2000Ware_4_03_00_00\driverlib\f2837xd\driverlib\ccs\Debug\</path>
         <kind>archive</kind>
         <file>driverlib_eabi.lib</file>
         <name>gpio.obj</name>
      </input_file>
      <input_file id="fl-15">
         <path>C:\ti\C2000Ware_4_03_00_00\driverlib\f2837xd\driverlib\ccs\Debug\</path>
         <kind>archive</kind>
         <file>driverlib_eabi.lib</file>
         <name>interrupt.obj</name>
      </input_file>
      <input_file id="fl-16">
         <path>C:\ti\C2000Ware_4_03_00_00\driverlib\f2837xd\driverlib\ccs\Debug\</path>
         <kind>archive</kind>
         <file>driverlib_eabi.lib</file>
         <name>sysctl.obj</name>
      </input_file>
      <input_file id="fl-22">
         <path>C:\ti\ccs1220\ccs\tools\compiler\ti-cgt-c2000_22.6.0.LTS\lib\</path>
         <kind>archive</kind>
         <file>rts2800_fpu32_eabi.lib</file>
         <name>boot28.asm.obj</name>
      </input_file>
      <input_file id="fl-23">
         <path>C:\ti\ccs1220\ccs\tools\compiler\ti-cgt-c2000_22.6.0.LTS\lib\</path>
         <kind>archive</kind>
         <file>rts2800_fpu32_eabi.lib</file>
         <name>fd_add28.asm.obj</name>
      </input_file>
      <input_file id="fl-24">
         <path>C:\ti\ccs1220\ccs\tools\compiler\ti-cgt-c2000_22.6.0.LTS\lib\</path>
         <kind>archive</kind>
         <file>rts2800_fpu32_eabi.lib</file>
         <name>fd_cmp28.asm.obj</name>
      </input_file>
      <input_file id="fl-25">
         <path>C:\ti\ccs1220\ccs\tools\compiler\ti-cgt-c2000_22.6.0.LTS\lib\</path>
         <kind>archive</kind>
         <file>rts2800_fpu32_eabi.lib</file>
         <name>fd_mpy28.asm.obj</name>
      </input_file>
      <input_file id="fl-26">
         <path>C:\ti\ccs1220\ccs\tools\compiler\ti-cgt-c2000_22.6.0.LTS\lib\</path>
         <kind>archive</kind>
         <file>rts2800_fpu32_eabi.lib</file>
         <name>fd_sub28.asm.obj</name>
      </input_file>
      <input_file id="fl-27">
         <path>C:\ti\ccs1220\ccs\tools\compiler\ti-cgt-c2000_22.6.0.LTS\lib\</path>
         <kind>archive</kind>
         <file>rts2800_fpu32_eabi.lib</file>
         <name>fs_div28.asm.obj</name>
      </input_file>
      <input_file id="fl-28">
         <path>C:\ti\ccs1220\ccs\tools\compiler\ti-cgt-c2000_22.6.0.LTS\lib\</path>
         <kind>archive</kind>
         <file>rts2800_fpu32_eabi.lib</file>
         <name>ul_tofd28.asm.obj</name>
      </input_file>
      <input_file id="fl-29">
         <path>C:\ti\ccs1220\ccs\tools\compiler\ti-cgt-c2000_22.6.0.LTS\lib\</path>
         <kind>archive</kind>
         <file>rts2800_fpu32_eabi.lib</file>
         <name>fs_tofdfpu32.asm.obj</name>
      </input_file>
      <input_file id="fl-2a">
         <path>C:\ti\ccs1220\ccs\tools\compiler\ti-cgt-c2000_22.6.0.LTS\lib\</path>
         <kind>archive</kind>
         <file>rts2800_fpu32_eabi.lib</file>
         <name>fd_tofsfpu32.asm.obj</name>
      </input_file>
      <input_file id="fl-2b">
         <path>C:\ti\ccs1220\ccs\tools\compiler\ti-cgt-c2000_22.6.0.LTS\lib\</path>
         <kind>archive</kind>
         <file>rts2800_fpu32_eabi.lib</file>
         <name>fd_div28.asm.obj</name>
      </input_file>
      <input_file id="fl-2c">
         <path>C:\ti\ccs1220\ccs\tools\compiler\ti-cgt-c2000_22.6.0.LTS\lib\</path>
         <kind>archive</kind>
         <file>rts2800_fpu32_eabi.lib</file>
         <name>memcpy.c.obj</name>
      </input_file>
      <input_file id="fl-2d">
         <path>C:\ti\ccs1220\ccs\tools\compiler\ti-cgt-c2000_22.6.0.LTS\lib\</path>
         <kind>archive</kind>
         <file>rts2800_fpu32_eabi.lib</file>
         <name>pre_init.c.obj</name>
      </input_file>
      <input_file id="fl-2e">
         <path>C:\ti\ccs1220\ccs\tools\compiler\ti-cgt-c2000_22.6.0.LTS\lib\</path>
         <kind>archive</kind>
         <file>rts2800_fpu32_eabi.lib</file>
         <name>autoinit.c.obj</name>
      </input_file>
      <input_file id="fl-2f">
         <path>C:\ti\ccs1220\ccs\tools\compiler\ti-cgt-c2000_22.6.0.LTS\lib\</path>
         <kind>archive</kind>
         <file>rts2800_fpu32_eabi.lib</file>
         <name>copy_zero_init.c.obj</name>
      </input_file>
      <input_file id="fl-30">
         <path>C:\ti\ccs1220\ccs\tools\compiler\ti-cgt-c2000_22.6.0.LTS\lib\</path>
         <kind>archive</kind>
         <file>rts2800_fpu32_eabi.lib</file>
         <name>copy_decompress_none.c.obj</name>
      </input_file>
      <input_file id="fl-31">
         <path>C:\ti\ccs1220\ccs\tools\compiler\ti-cgt-c2000_22.6.0.LTS\lib\</path>
         <kind>archive</kind>
         <file>rts2800_fpu32_eabi.lib</file>
         <name>copy_decompress_lzss.c.obj</name>
      </input_file>
      <input_file id="fl-32">
         <path>C:\ti\ccs1220\ccs\tools\compiler\ti-cgt-c2000_22.6.0.LTS\lib\</path>
         <kind>archive</kind>
         <file>rts2800_fpu32_eabi.lib</file>
         <name>exit.c.obj</name>
      </input_file>
      <input_file id="fl-33">
         <path>C:\ti\ccs1220\ccs\tools\compiler\ti-cgt-c2000_22.6.0.LTS\lib\</path>
         <kind>archive</kind>
         <file>rts2800_fpu32_eabi.lib</file>
         <name>_lock.c.obj</name>
      </input_file>
      <input_file id="fl-34">
         <path>C:\ti\ccs1220\ccs\tools\compiler\ti-cgt-c2000_22.6.0.LTS\lib\</path>
         <kind>archive</kind>
         <file>rts2800_fpu32_eabi.lib</file>
         <name>args_main.c.obj</name>
      </input_file>
      <input_file id="fl-35">
         <path>C:\ti\ccs1220\ccs\tools\compiler\ti-cgt-c2000_22.6.0.LTS\lib\</path>
         <kind>archive</kind>
         <file>rts2800_fpu32_eabi.lib</file>
         <name>memset.c.obj</name>
      </input_file>
      <input_file id="fl-36">
         <path>C:\ti\ccs1220\ccs\tools\compiler\ti-cgt-c2000_22.6.0.LTS\lib\</path>
         <kind>archive</kind>
         <file>rts2800_fpu32_eabi.lib</file>
         <name>cpy_tbl.c.obj</name>
      </input_file>
      <input_file id="fl-37">
         <path>C:\ti\ccs1220\ccs\tools\compiler\ti-cgt-c2000_22.6.0.LTS\lib\</path>
         <kind>archive</kind>
         <file>rts2800_fpu32_eabi.lib</file>
         <name>startup.c.obj</name>
      </input_file>
   </input_file_list>
   <object_component_list>
      <object_component id="oc-357">
         <name>.cinit..data.load</name>
         <load_address>0x83a58</load_address>
         <run_address>0x83a58</run_address>
         <size>0xb</size>
      </object_component>
      <object_component id="oc-354">
         <name>__TI_handler_table</name>
         <load_address>0x83a64</load_address>
         <run_address>0x83a64</run_address>
         <size>0x6</size>
      </object_component>
      <object_component id="oc-356">
         <name>.cinit..bss.load</name>
         <load_address>0x83a6a</load_address>
         <run_address>0x83a6a</run_address>
         <size>0x4</size>
      </object_component>
      <object_component id="oc-355">
         <name>__TI_cinit_table</name>
         <load_address>0x83a70</load_address>
         <run_address>0x83a70</run_address>
         <size>0x8</size>
      </object_component>
      <object_component id="oc-3d">
         <name>.text</name>
         <load_address>0x82000</load_address>
         <run_address>0x82000</run_address>
         <size>0x564</size>
         <input_file_ref idref="fl-2"/>
      </object_component>
      <object_component id="oc-8d">
         <name>.text</name>
         <load_address>0x82564</load_address>
         <run_address>0x82564</run_address>
         <size>0x3f9</size>
         <input_file_ref idref="fl-9"/>
      </object_component>
      <object_component id="oc-124">
         <name>.text:SysCtl_setClock</name>
         <load_address>0x8295d</load_address>
         <run_address>0x8295d</run_address>
         <size>0x206</size>
         <input_file_ref idref="fl-16"/>
      </object_component>
      <object_component id="oc-fc">
         <name>.text</name>
         <load_address>0x82b63</load_address>
         <run_address>0x82b63</run_address>
         <size>0x145</size>
         <input_file_ref idref="fl-7"/>
      </object_component>
      <object_component id="oc-80">
         <name>.text</name>
         <load_address>0x82ca8</load_address>
         <run_address>0x82ca8</run_address>
         <size>0x11b</size>
         <input_file_ref idref="fl-4"/>
      </object_component>
      <object_component id="oc-7a">
         <name>.text</name>
         <load_address>0x82dc3</load_address>
         <run_address>0x82dc3</run_address>
         <size>0x11b</size>
         <input_file_ref idref="fl-5"/>
      </object_component>
      <object_component id="oc-3c">
         <name>.text:retain</name>
         <load_address>0x82ede</load_address>
         <run_address>0x82ede</run_address>
         <size>0xd6</size>
         <input_file_ref idref="fl-2"/>
      </object_component>
      <object_component id="oc-f4">
         <name>.text</name>
         <load_address>0x82fb4</load_address>
         <run_address>0x82fb4</run_address>
         <size>0x9c</size>
         <input_file_ref idref="fl-23"/>
      </object_component>
      <object_component id="oc-ab">
         <name>.text</name>
         <load_address>0x83050</load_address>
         <run_address>0x83050</run_address>
         <size>0x9b</size>
         <input_file_ref idref="fl-3"/>
      </object_component>
      <object_component id="oc-70">
         <name>.text</name>
         <load_address>0x830eb</load_address>
         <run_address>0x830eb</run_address>
         <size>0x8b</size>
         <input_file_ref idref="fl-2b"/>
      </object_component>
      <object_component id="oc-28e">
         <name>.text:SysCtl_selectXTAL</name>
         <load_address>0x83176</load_address>
         <run_address>0x83176</run_address>
         <size>0x8a</size>
         <input_file_ref idref="fl-16"/>
      </object_component>
      <object_component id="oc-107">
         <name>.text</name>
         <load_address>0x83200</load_address>
         <run_address>0x83200</run_address>
         <size>0x88</size>
         <input_file_ref idref="fl-27"/>
      </object_component>
      <object_component id="oc-6b">
         <name>.text</name>
         <load_address>0x83288</load_address>
         <run_address>0x83288</run_address>
         <size>0x83</size>
         <input_file_ref idref="fl-25"/>
      </object_component>
      <object_component id="oc-16a">
         <name>.text</name>
         <load_address>0x8330b</load_address>
         <run_address>0x8330b</run_address>
         <size>0x81</size>
         <input_file_ref idref="fl-6"/>
      </object_component>
      <object_component id="oc-180">
         <name>.text:ADC_setINLTrim</name>
         <load_address>0x8338c</load_address>
         <run_address>0x8338c</run_address>
         <size>0x6f</size>
         <input_file_ref idref="fl-12"/>
      </object_component>
      <object_component id="oc-11e">
         <name>.text:SysCtl_getDeviceParametric</name>
         <load_address>0x833fb</load_address>
         <run_address>0x833fb</run_address>
         <size>0x68</size>
         <input_file_ref idref="fl-16"/>
      </object_component>
      <object_component id="oc-186">
         <name>.text:ADC_setOffsetTrim</name>
         <load_address>0x83463</load_address>
         <run_address>0x83463</run_address>
         <size>0x60</size>
         <input_file_ref idref="fl-12"/>
      </object_component>
      <object_component id="oc-93">
         <name>.text:GPIO_setPadConfig</name>
         <load_address>0x834c3</load_address>
         <run_address>0x834c3</run_address>
         <size>0x52</size>
         <input_file_ref idref="fl-14"/>
      </object_component>
      <object_component id="oc-12a">
         <name>.text:SysCtl_getClock</name>
         <load_address>0x83515</load_address>
         <run_address>0x83515</run_address>
         <size>0x51</size>
         <input_file_ref idref="fl-16"/>
      </object_component>
      <object_component id="oc-20c">
         <name>.text:SysCtl_selectOscSource</name>
         <load_address>0x83566</load_address>
         <run_address>0x83566</run_address>
         <size>0x48</size>
         <input_file_ref idref="fl-16"/>
      </object_component>
      <object_component id="oc-9f">
         <name>.text:Interrupt_initModule</name>
         <load_address>0x835ae</load_address>
         <run_address>0x835ae</run_address>
         <size>0x3d</size>
         <input_file_ref idref="fl-15"/>
      </object_component>
      <object_component id="oc-137">
         <name>.text:GPIO_setControllerCore</name>
         <load_address>0x835eb</load_address>
         <run_address>0x835eb</run_address>
         <size>0x37</size>
         <input_file_ref idref="fl-14"/>
      </object_component>
      <object_component id="oc-be">
         <name>.text:GPIO_setPinConfig</name>
         <load_address>0x83622</load_address>
         <run_address>0x83622</run_address>
         <size>0x37</size>
         <input_file_ref idref="fl-14"/>
      </object_component>
      <object_component id="oc-c4">
         <name>.text:GPIO_setQualificationMode</name>
         <load_address>0x83659</load_address>
         <run_address>0x83659</run_address>
         <size>0x37</size>
         <input_file_ref idref="fl-14"/>
      </object_component>
      <object_component id="oc-b1">
         <name>.text:Interrupt_enable</name>
         <load_address>0x83690</load_address>
         <run_address>0x83690</run_address>
         <size>0x37</size>
         <input_file_ref idref="fl-15"/>
      </object_component>
      <object_component id="oc-99">
         <name>.text:GPIO_setDirectionMode</name>
         <load_address>0x836c7</load_address>
         <run_address>0x836c7</run_address>
         <size>0x31</size>
         <input_file_ref idref="fl-14"/>
      </object_component>
      <object_component id="oc-b7">
         <name>.text:ADC_setMode</name>
         <load_address>0x836f8</load_address>
         <run_address>0x836f8</run_address>
         <size>0x2f</size>
         <input_file_ref idref="fl-12"/>
      </object_component>
      <object_component id="oc-24">
         <name>.text:decompress:lzss</name>
         <load_address>0x83727</load_address>
         <run_address>0x83727</run_address>
         <size>0x2e</size>
         <input_file_ref idref="fl-31"/>
      </object_component>
      <object_component id="oc-23f">
         <name>.text:__TI_auto_init_nobinit_nopinit</name>
         <load_address>0x83755</load_address>
         <run_address>0x83755</run_address>
         <size>0x2b</size>
         <input_file_ref idref="fl-2e"/>
      </object_component>
      <object_component id="oc-102">
         <name>.text</name>
         <load_address>0x83780</load_address>
         <run_address>0x83780</run_address>
         <size>0x2a</size>
         <input_file_ref idref="fl-24"/>
      </object_component>
      <object_component id="oc-1a8">
         <name>.text</name>
         <load_address>0x837aa</load_address>
         <run_address>0x837aa</run_address>
         <size>0x29</size>
         <input_file_ref idref="fl-32"/>
      </object_component>
      <object_component id="oc-1cb">
         <name>.text:Flash_setBankPowerUpDelay</name>
         <load_address>0x837d3</load_address>
         <run_address>0x837d3</run_address>
         <size>0x26</size>
         <input_file_ref idref="fl-13"/>
      </object_component>
      <object_component id="oc-75">
         <name>.text</name>
         <load_address>0x837f9</load_address>
         <run_address>0x837f9</run_address>
         <size>0x23</size>
         <input_file_ref idref="fl-2a"/>
      </object_component>
      <object_component id="oc-2d4">
         <name>.text:CPUTimer_selectClockSource</name>
         <load_address>0x8381c</load_address>
         <run_address>0x8381c</run_address>
         <size>0x21</size>
         <input_file_ref idref="fl-16"/>
      </object_component>
      <object_component id="oc-30d">
         <name>.text:CPUTimer_getTimerOverflowStatus</name>
         <load_address>0x8383d</load_address>
         <run_address>0x8383d</run_address>
         <size>0x1f</size>
         <input_file_ref idref="fl-16"/>
      </object_component>
      <object_component id="oc-a5">
         <name>.text:Interrupt_initVectorTable</name>
         <load_address>0x8385c</load_address>
         <run_address>0x8385c</run_address>
         <size>0x1e</size>
         <input_file_ref idref="fl-15"/>
      </object_component>
      <object_component id="oc-4b">
         <name>.text</name>
         <load_address>0x8387a</load_address>
         <run_address>0x8387a</run_address>
         <size>0x1d</size>
         <input_file_ref idref="fl-2c"/>
      </object_component>
      <object_component id="oc-e9">
         <name>.text</name>
         <load_address>0x83897</load_address>
         <run_address>0x83897</run_address>
         <size>0x1c</size>
         <input_file_ref idref="fl-29"/>
      </object_component>
      <object_component id="oc-179">
         <name>.text:ADC_isBaseValid</name>
         <load_address>0x838b3</load_address>
         <run_address>0x838b3</run_address>
         <size>0x1b</size>
         <input_file_ref idref="fl-12"/>
      </object_component>
      <object_component id="oc-2e0">
         <name>.text:CPUTimer_startTimer</name>
         <load_address>0x838ce</load_address>
         <run_address>0x838ce</run_address>
         <size>0x1a</size>
         <input_file_ref idref="fl-16"/>
      </object_component>
      <object_component id="oc-131">
         <name>.text:SysCtl_getLowSpeedClock</name>
         <load_address>0x838e8</load_address>
         <run_address>0x838e8</run_address>
         <size>0x1a</size>
         <input_file_ref idref="fl-16"/>
      </object_component>
      <object_component id="oc-301">
         <name>.text:CPUTimer_isBaseValid</name>
         <load_address>0x83902</load_address>
         <run_address>0x83902</run_address>
         <size>0x17</size>
         <input_file_ref idref="fl-16"/>
      </object_component>
      <object_component id="oc-de">
         <name>.text</name>
         <load_address>0x83919</load_address>
         <run_address>0x83919</run_address>
         <size>0x17</size>
         <input_file_ref idref="fl-22"/>
      </object_component>
      <object_component id="oc-65">
         <name>.text</name>
         <load_address>0x83930</load_address>
         <run_address>0x83930</run_address>
         <size>0x16</size>
         <input_file_ref idref="fl-28"/>
      </object_component>
      <object_component id="oc-2c8">
         <name>.text:CPUTimer_stopTimer</name>
         <load_address>0x83946</load_address>
         <run_address>0x83946</run_address>
         <size>0x14</size>
         <input_file_ref idref="fl-16"/>
      </object_component>
      <object_component id="oc-2da">
         <name>.text:CPUTimer_clearOverflowFlag</name>
         <load_address>0x8395a</load_address>
         <run_address>0x8395a</run_address>
         <size>0x12</size>
         <input_file_ref idref="fl-16"/>
      </object_component>
      <object_component id="oc-2c2">
         <name>.text:CPUTimer_disableInterrupt</name>
         <load_address>0x8396c</load_address>
         <run_address>0x8396c</run_address>
         <size>0x12</size>
         <input_file_ref idref="fl-16"/>
      </object_component>
      <object_component id="oc-2ce">
         <name>.text:CPUTimer_setPeriod</name>
         <load_address>0x8397e</load_address>
         <run_address>0x8397e</run_address>
         <size>0x11</size>
         <input_file_ref idref="fl-16"/>
      </object_component>
      <object_component id="oc-1be">
         <name>.text:Flash_isCtrlBaseValid</name>
         <load_address>0x8398f</load_address>
         <run_address>0x8398f</run_address>
         <size>0x10</size>
         <input_file_ref idref="fl-13"/>
      </object_component>
      <object_component id="oc-1c5">
         <name>.text:Flash_isECCBaseValid</name>
         <load_address>0x8399f</load_address>
         <run_address>0x8399f</run_address>
         <size>0x10</size>
         <input_file_ref idref="fl-13"/>
      </object_component>
      <object_component id="oc-2e6">
         <name>.text:SysCtl_pollCpuTimer</name>
         <load_address>0x839af</load_address>
         <run_address>0x839af</run_address>
         <size>0xf</size>
         <input_file_ref idref="fl-16"/>
      </object_component>
      <object_component id="oc-142">
         <name>.text:GPIO_isPinValid</name>
         <load_address>0x839be</load_address>
         <run_address>0x839be</run_address>
         <size>0xe</size>
         <input_file_ref idref="fl-14"/>
      </object_component>
      <object_component id="oc-154">
         <name>.text:Interrupt_defaultHandler</name>
         <load_address>0x839cc</load_address>
         <run_address>0x839cc</run_address>
         <size>0xe</size>
         <input_file_ref idref="fl-15"/>
      </object_component>
      <object_component id="oc-ef">
         <name>.text</name>
         <load_address>0x839da</load_address>
         <run_address>0x839da</run_address>
         <size>0xe</size>
         <input_file_ref idref="fl-26"/>
      </object_component>
      <object_component id="oc-14c">
         <name>.text:Interrupt_disableGlobal</name>
         <load_address>0x839e8</load_address>
         <run_address>0x839e8</run_address>
         <size>0xd</size>
         <input_file_ref idref="fl-15"/>
      </object_component>
      <object_component id="oc-172">
         <name>.text:Interrupt_enableGlobal</name>
         <load_address>0x839f5</load_address>
         <run_address>0x839f5</run_address>
         <size>0xd</size>
         <input_file_ref idref="fl-15"/>
      </object_component>
      <object_component id="oc-53">
         <name>.text:decompress:ZI:__TI_zero_init_nomemset</name>
         <load_address>0x83a02</load_address>
         <run_address>0x83a02</run_address>
         <size>0xd</size>
         <input_file_ref idref="fl-2f"/>
      </object_component>
      <object_component id="oc-1a2">
         <name>.text</name>
         <load_address>0x83a0f</load_address>
         <run_address>0x83a0f</run_address>
         <size>0xc</size>
         <input_file_ref idref="fl-34"/>
      </object_component>
      <object_component id="oc-206">
         <name>.text:SysCtl_isMCDClockFailureDetected</name>
         <load_address>0x83a1b</load_address>
         <run_address>0x83a1b</run_address>
         <size>0xb</size>
         <input_file_ref idref="fl-16"/>
      </object_component>
      <object_component id="oc-212">
         <name>.text:SysCtl_serviceWatchdog</name>
         <load_address>0x83a26</load_address>
         <run_address>0x83a26</run_address>
         <size>0x9</size>
         <input_file_ref idref="fl-16"/>
      </object_component>
      <object_component id="oc-2b6">
         <name>.text</name>
         <load_address>0x83a2f</load_address>
         <run_address>0x83a2f</run_address>
         <size>0x9</size>
         <input_file_ref idref="fl-33"/>
      </object_component>
      <object_component id="oc-5f">
         <name>.text</name>
         <load_address>0x83a38</load_address>
         <run_address>0x83a38</run_address>
         <size>0x8</size>
         <input_file_ref idref="fl-8"/>
      </object_component>
      <object_component id="oc-2a">
         <name>.text:decompress:none</name>
         <load_address>0x83a40</load_address>
         <run_address>0x83a40</run_address>
         <size>0x8</size>
         <input_file_ref idref="fl-30"/>
      </object_component>
      <object_component id="oc-2ec">
         <name>.text:SysCtl_resetMCD</name>
         <load_address>0x83a48</load_address>
         <run_address>0x83a48</run_address>
         <size>0x7</size>
         <input_file_ref idref="fl-16"/>
      </object_component>
      <object_component id="oc-160">
         <name>.text:Interrupt_illegalOperationHandler</name>
         <load_address>0x83a4f</load_address>
         <run_address>0x83a4f</run_address>
         <size>0x2</size>
         <input_file_ref idref="fl-15"/>
      </object_component>
      <object_component id="oc-15a">
         <name>.text:Interrupt_nmiHandler</name>
         <load_address>0x83a51</load_address>
         <run_address>0x83a51</run_address>
         <size>0x2</size>
         <input_file_ref idref="fl-15"/>
      </object_component>
      <object_component id="oc-19b">
         <name>.text</name>
         <load_address>0x83a53</load_address>
         <run_address>0x83a53</run_address>
         <size>0x2</size>
         <input_file_ref idref="fl-2d"/>
      </object_component>
      <object_component id="oc-29c">
         <name>.text</name>
         <load_address>0x83a55</load_address>
         <run_address>0x83a55</run_address>
         <size>0x1</size>
         <input_file_ref idref="fl-37"/>
      </object_component>
      <object_component id="oc-31">
         <name>codestart</name>
         <load_address>0x80000</load_address>
         <run_address>0x80000</run_address>
         <size>0x2</size>
         <input_file_ref idref="fl-8"/>
      </object_component>
      <object_component id="oc-48">
         <name>.stack</name>
         <uninitialized>true</uninitialized>
         <run_address>0x400</run_address>
         <size>0x0</size>
         <input_file_ref idref="fl-22"/>
      </object_component>
      <object_component id="oc-358">
         <name>.stack</name>
         <uninitialized>true</uninitialized>
         <run_address>0x400</run_address>
         <size>0x0</size>
      </object_component>
      <object_component id="oc-86">
         <name>.bss</name>
         <uninitialized>true</uninitialized>
         <run_address>0xa858</run_address>
         <size>0x6</size>
         <input_file_ref idref="fl-2"/>
      </object_component>
      <object_component id="oc-89">
         <name>.bss:ADCA_data</name>
         <uninitialized>true</uninitialized>
         <run_address>0xa852</run_address>
         <size>0x6</size>
         <input_file_ref idref="fl-2"/>
      </object_component>
      <object_component id="oc-167">
         <name>.bss</name>
         <uninitialized>true</uninitialized>
         <run_address>0xa800</run_address>
         <size>0x52</size>
         <input_file_ref idref="fl-6"/>
      </object_component>
      <object_component id="oc-f9">
         <name>.bss</name>
         <uninitialized>true</uninitialized>
         <run_address>0xa880</run_address>
         <size>0x34</size>
         <input_file_ref idref="fl-7"/>
      </object_component>
      <object_component id="oc-111">
         <name>.data</name>
         <load_address>0xa8c0</load_address>
         <run_address>0xa8c0</run_address>
         <size>0x2</size>
         <input_file_ref idref="fl-4"/>
      </object_component>
      <object_component id="oc-10c">
         <name>.data</name>
         <load_address>0xa8c2</load_address>
         <run_address>0xa8c2</run_address>
         <size>0x2</size>
         <input_file_ref idref="fl-5"/>
      </object_component>
      <object_component id="oc-13d">
         <name>.data</name>
         <load_address>0xa8b4</load_address>
         <run_address>0xa8b4</run_address>
         <size>0x6</size>
         <input_file_ref idref="fl-9"/>
      </object_component>
      <object_component id="oc-271">
         <name>.data</name>
         <load_address>0xa8ba</load_address>
         <run_address>0xa8ba</run_address>
         <size>0x6</size>
         <input_file_ref idref="fl-32"/>
      </object_component>
      <object_component id="oc-274">
         <name>.data:_lock</name>
         <load_address>0xa8c4</load_address>
         <run_address>0xa8c4</run_address>
         <size>0x2</size>
         <input_file_ref idref="fl-33"/>
      </object_component>
      <object_component id="oc-2fa">
         <name>.data:_unlock</name>
         <load_address>0xa8c6</load_address>
         <run_address>0xa8c6</run_address>
         <size>0x2</size>
         <input_file_ref idref="fl-33"/>
      </object_component>
      <object_component id="oc-205">
         <name>.const:.string</name>
         <load_address>0x90000</load_address>
         <run_address>0x90000</run_address>
         <size>0xc2</size>
         <input_file_ref idref="fl-16"/>
      </object_component>
      <object_component id="oc-1c4">
         <name>.const:.string</name>
         <load_address>0x900c2</load_address>
         <run_address>0x900c2</run_address>
         <size>0xbf</size>
         <input_file_ref idref="fl-13"/>
      </object_component>
      <object_component id="oc-148">
         <name>.const:.string</name>
         <load_address>0x90182</load_address>
         <run_address>0x90182</run_address>
         <size>0xbc</size>
         <input_file_ref idref="fl-14"/>
      </object_component>
      <object_component id="oc-8c">
         <name>.const:.string</name>
         <load_address>0x9023e</load_address>
         <run_address>0x9023e</run_address>
         <size>0x7c</size>
         <input_file_ref idref="fl-2"/>
      </object_component>
      <object_component id="oc-17f">
         <name>.const:.string</name>
         <load_address>0x902ba</load_address>
         <run_address>0x902ba</run_address>
         <size>0x5d</size>
         <input_file_ref idref="fl-12"/>
      </object_component>
      <object_component id="oc-10f">
         <name>.const:.string</name>
         <load_address>0x90318</load_address>
         <run_address>0x90318</run_address>
         <size>0x3e</size>
         <input_file_ref idref="fl-4"/>
      </object_component>
      <object_component id="oc-e8">
         <name>.const:.string</name>
         <load_address>0x90356</load_address>
         <run_address>0x90356</run_address>
         <size>0x3e</size>
         <input_file_ref idref="fl-5"/>
      </object_component>
      <object_component id="oc-130">
         <name>.const:.string</name>
         <load_address>0x90394</load_address>
         <run_address>0x90394</run_address>
         <size>0x13</size>
         <input_file_ref idref="fl-9"/>
      </object_component>
      <object_component id="oc-110">
         <name>.const</name>
         <load_address>0x903a8</load_address>
         <run_address>0x903a8</run_address>
         <size>0xc</size>
         <input_file_ref idref="fl-4"/>
      </object_component>
      <object_component id="oc-ee">
         <name>.const</name>
         <load_address>0x903b4</load_address>
         <run_address>0x903b4</run_address>
         <size>0xc</size>
         <input_file_ref idref="fl-5"/>
      </object_component>
      <object_component id="oc-6a">
         <name>.const</name>
         <load_address>0x903c0</load_address>
         <run_address>0x903c0</run_address>
         <size>0x8</size>
         <input_file_ref idref="fl-2"/>
      </object_component>
      <object_component id="oc-118">
         <name>.TI.ramfunc:Flash_initModule</name>
         <load_address>0x86000</load_address>
         <run_address>0x8000</run_address>
         <size>0x43</size>
         <input_file_ref idref="fl-13"/>
      </object_component>
      <object_component id="oc-1d1">
         <name>.TI.ramfunc:Flash_setBankPowerMode</name>
         <load_address>0x86043</load_address>
         <run_address>0x8043</run_address>
         <size>0x2c</size>
         <input_file_ref idref="fl-13"/>
      </object_component>
      <object_component id="oc-1e9">
         <name>.TI.ramfunc:Flash_setWaitstates</name>
         <load_address>0x8606f</load_address>
         <run_address>0x806f</run_address>
         <size>0x24</size>
         <input_file_ref idref="fl-13"/>
      </object_component>
      <object_component id="oc-1d7">
         <name>.TI.ramfunc:Flash_setPumpPowerMode</name>
         <load_address>0x86093</load_address>
         <run_address>0x8093</run_address>
         <size>0x1d</size>
         <input_file_ref idref="fl-13"/>
      </object_component>
      <object_component id="oc-1dd">
         <name>.TI.ramfunc:Flash_disableCache</name>
         <load_address>0x860b0</load_address>
         <run_address>0x80b0</run_address>
         <size>0x18</size>
         <input_file_ref idref="fl-13"/>
      </object_component>
      <object_component id="oc-1e3">
         <name>.TI.ramfunc:Flash_disablePrefetch</name>
         <load_address>0x860c8</load_address>
         <run_address>0x80c8</run_address>
         <size>0x18</size>
         <input_file_ref idref="fl-13"/>
      </object_component>
      <object_component id="oc-1ef">
         <name>.TI.ramfunc:Flash_enableCache</name>
         <load_address>0x860e0</load_address>
         <run_address>0x80e0</run_address>
         <size>0x17</size>
         <input_file_ref idref="fl-13"/>
      </object_component>
      <object_component id="oc-1f5">
         <name>.TI.ramfunc:Flash_enablePrefetch</name>
         <load_address>0x860f7</load_address>
         <run_address>0x80f7</run_address>
         <size>0x17</size>
         <input_file_ref idref="fl-13"/>
      </object_component>
      <object_component id="oc-1fb">
         <name>.TI.ramfunc:Flash_enableECC</name>
         <load_address>0x8610e</load_address>
         <run_address>0x810e</run_address>
         <size>0x16</size>
         <input_file_ref idref="fl-13"/>
      </object_component>
      <object_component id="oc-bd">
         <name>.TI.ramfunc</name>
         <load_address>0x86124</load_address>
         <run_address>0x8124</run_address>
         <size>0x4</size>
         <input_file_ref idref="fl-16"/>
      </object_component>
      <object_component id="oc-cb">
         <name>.debug_types</name>
         <load_address>0x0</load_address>
         <run_address>0x0</run_address>
         <size>0x1f5d</size>
         <input_file_ref idref="fl-2"/>
      </object_component>
      <object_component id="oc-171">
         <name>.debug_types</name>
         <load_address>0x1f5d</load_address>
         <run_address>0x1f5d</run_address>
         <size>0x363</size>
         <input_file_ref idref="fl-3"/>
      </object_component>
      <object_component id="oc-113">
         <name>.debug_types</name>
         <load_address>0x0</load_address>
         <run_address>0x0</run_address>
         <size>0x0</size>
         <input_file_ref idref="fl-4"/>
      </object_component>
      <object_component id="oc-10e">
         <name>.debug_types</name>
         <load_address>0x0</load_address>
         <run_address>0x0</run_address>
         <size>0x0</size>
         <input_file_ref idref="fl-5"/>
      </object_component>
      <object_component id="oc-22e">
         <name>.debug_types</name>
         <load_address>0x0</load_address>
         <run_address>0x0</run_address>
         <size>0x0</size>
         <input_file_ref idref="fl-6"/>
      </object_component>
      <object_component id="oc-1b4">
         <name>.debug_types</name>
         <load_address>0x0</load_address>
         <run_address>0x0</run_address>
         <size>0x0</size>
         <input_file_ref idref="fl-7"/>
      </object_component>
      <object_component id="oc-141">
         <name>.debug_types</name>
         <load_address>0x22c0</load_address>
         <run_address>0x22c0</run_address>
         <size>0xee3</size>
         <input_file_ref idref="fl-9"/>
      </object_component>
      <object_component id="oc-18d">
         <name>.debug_types</name>
         <load_address>0x31a3</load_address>
         <run_address>0x31a3</run_address>
         <size>0x12c</size>
         <input_file_ref idref="fl-12"/>
      </object_component>
      <object_component id="oc-202">
         <name>.debug_types</name>
         <load_address>0x32cf</load_address>
         <run_address>0x32cf</run_address>
         <size>0x1d7</size>
         <input_file_ref idref="fl-13"/>
      </object_component>
      <object_component id="oc-14a">
         <name>.debug_types</name>
         <load_address>0x34a6</load_address>
         <run_address>0x34a6</run_address>
         <size>0x2c4</size>
         <input_file_ref idref="fl-14"/>
      </object_component>
      <object_component id="oc-153">
         <name>.debug_types</name>
         <load_address>0x0</load_address>
         <run_address>0x0</run_address>
         <size>0x0</size>
         <input_file_ref idref="fl-15"/>
      </object_component>
      <object_component id="oc-204">
         <name>.debug_types</name>
         <load_address>0x376a</load_address>
         <run_address>0x376a</run_address>
         <size>0x254</size>
         <input_file_ref idref="fl-16"/>
      </object_component>
      <object_component id="oc-d1">
         <name>.debug_types</name>
         <load_address>0x39be</load_address>
         <run_address>0x39be</run_address>
         <size>0x142</size>
         <input_file_ref idref="fl-2c"/>
      </object_component>
      <object_component id="oc-23e">
         <name>.debug_types</name>
         <load_address>0x0</load_address>
         <run_address>0x0</run_address>
         <size>0x0</size>
         <input_file_ref idref="fl-2d"/>
      </object_component>
      <object_component id="oc-2a3">
         <name>.debug_types</name>
         <load_address>0x3b00</load_address>
         <run_address>0x3b00</run_address>
         <size>0x470</size>
         <input_file_ref idref="fl-2e"/>
      </object_component>
      <object_component id="oc-d6">
         <name>.debug_types</name>
         <load_address>0x3f70</load_address>
         <run_address>0x3f70</run_address>
         <size>0x194</size>
         <input_file_ref idref="fl-2f"/>
      </object_component>
      <object_component id="oc-52">
         <name>.debug_types</name>
         <load_address>0x0</load_address>
         <run_address>0x0</run_address>
         <size>0x0</size>
         <input_file_ref idref="fl-30"/>
      </object_component>
      <object_component id="oc-4a">
         <name>.debug_types</name>
         <load_address>0x4104</load_address>
         <run_address>0x4104</run_address>
         <size>0x191</size>
         <input_file_ref idref="fl-31"/>
      </object_component>
      <object_component id="oc-278">
         <name>.debug_types</name>
         <load_address>0x4295</load_address>
         <run_address>0x4295</run_address>
         <size>0xbf</size>
         <input_file_ref idref="fl-32"/>
      </object_component>
      <object_component id="oc-2be">
         <name>.debug_types</name>
         <load_address>0x4354</load_address>
         <run_address>0x4354</run_address>
         <size>0x2f</size>
         <input_file_ref idref="fl-33"/>
      </object_component>
      <object_component id="oc-270">
         <name>.debug_types</name>
         <load_address>0x4383</load_address>
         <run_address>0x4383</run_address>
         <size>0xe1</size>
         <input_file_ref idref="fl-34"/>
      </object_component>
      <object_component id="oc-2f4">
         <name>.debug_types</name>
         <load_address>0x0</load_address>
         <run_address>0x0</run_address>
         <size>0x0</size>
         <input_file_ref idref="fl-37"/>
      </object_component>
      <object_component id="oc-87">
         <name>.debug_info</name>
         <load_address>0x0</load_address>
         <run_address>0x0</run_address>
         <size>0x140</size>
         <input_file_ref idref="fl-2"/>
      </object_component>
      <object_component id="oc-8a">
         <name>.debug_info</name>
         <load_address>0x140</load_address>
         <run_address>0x140</run_address>
         <size>0xe8</size>
         <input_file_ref idref="fl-2"/>
      </object_component>
      <object_component id="oc-3e">
         <name>.debug_info</name>
         <load_address>0x228</load_address>
         <run_address>0x228</run_address>
         <size>0x2893</size>
         <input_file_ref idref="fl-2"/>
      </object_component>
      <object_component id="oc-46">
         <name>.debug_info</name>
         <load_address>0x2abb</load_address>
         <run_address>0x2abb</run_address>
         <size>0x301</size>
         <input_file_ref idref="fl-2"/>
      </object_component>
      <object_component id="oc-ae">
         <name>.debug_info</name>
         <load_address>0x2dbc</load_address>
         <run_address>0x2dbc</run_address>
         <size>0x1d5</size>
         <input_file_ref idref="fl-3"/>
      </object_component>
      <object_component id="oc-82">
         <name>.debug_info</name>
         <load_address>0x2f91</load_address>
         <run_address>0x2f91</run_address>
         <size>0x504</size>
         <input_file_ref idref="fl-4"/>
      </object_component>
      <object_component id="oc-7c">
         <name>.debug_info</name>
         <load_address>0x3495</load_address>
         <run_address>0x3495</run_address>
         <size>0x504</size>
         <input_file_ref idref="fl-5"/>
      </object_component>
      <object_component id="oc-168">
         <name>.debug_info</name>
         <load_address>0x3999</load_address>
         <run_address>0x3999</run_address>
         <size>0x17a</size>
         <input_file_ref idref="fl-6"/>
      </object_component>
      <object_component id="oc-16d">
         <name>.debug_info</name>
         <load_address>0x3b13</load_address>
         <run_address>0x3b13</run_address>
         <size>0x33f</size>
         <input_file_ref idref="fl-6"/>
      </object_component>
      <object_component id="oc-fa">
         <name>.debug_info</name>
         <load_address>0x3e52</load_address>
         <run_address>0x3e52</run_address>
         <size>0x14e</size>
         <input_file_ref idref="fl-7"/>
      </object_component>
      <object_component id="oc-fd">
         <name>.debug_info</name>
         <load_address>0x3fa0</load_address>
         <run_address>0x3fa0</run_address>
         <size>0x3ce</size>
         <input_file_ref idref="fl-7"/>
      </object_component>
      <object_component id="oc-32">
         <name>.debug_info</name>
         <load_address>0x436e</load_address>
         <run_address>0x436e</run_address>
         <size>0x10c</size>
         <input_file_ref idref="fl-8"/>
      </object_component>
      <object_component id="oc-60">
         <name>.debug_info</name>
         <load_address>0x447a</load_address>
         <run_address>0x447a</run_address>
         <size>0x10d</size>
         <input_file_ref idref="fl-8"/>
      </object_component>
      <object_component id="oc-13e">
         <name>.debug_info</name>
         <load_address>0x4587</load_address>
         <run_address>0x4587</run_address>
         <size>0x157</size>
         <input_file_ref idref="fl-9"/>
      </object_component>
      <object_component id="oc-8f">
         <name>.debug_info</name>
         <load_address>0x46de</load_address>
         <run_address>0x46de</run_address>
         <size>0x1c38</size>
         <input_file_ref idref="fl-9"/>
      </object_component>
      <object_component id="oc-17c">
         <name>.debug_info</name>
         <load_address>0x6316</load_address>
         <run_address>0x6316</run_address>
         <size>0x207</size>
         <input_file_ref idref="fl-12"/>
      </object_component>
      <object_component id="oc-b8">
         <name>.debug_info</name>
         <load_address>0x651d</load_address>
         <run_address>0x651d</run_address>
         <size>0x2bc</size>
         <input_file_ref idref="fl-12"/>
      </object_component>
      <object_component id="oc-182">
         <name>.debug_info</name>
         <load_address>0x67d9</load_address>
         <run_address>0x67d9</run_address>
         <size>0x24a</size>
         <input_file_ref idref="fl-12"/>
      </object_component>
      <object_component id="oc-189">
         <name>.debug_info</name>
         <load_address>0x6a23</load_address>
         <run_address>0x6a23</run_address>
         <size>0x288</size>
         <input_file_ref idref="fl-12"/>
      </object_component>
      <object_component id="oc-1bf">
         <name>.debug_info</name>
         <load_address>0x6cab</load_address>
         <run_address>0x6cab</run_address>
         <size>0x21d</size>
         <input_file_ref idref="fl-13"/>
      </object_component>
      <object_component id="oc-1c6">
         <name>.debug_info</name>
         <load_address>0x6ec8</load_address>
         <run_address>0x6ec8</run_address>
         <size>0x219</size>
         <input_file_ref idref="fl-13"/>
      </object_component>
      <object_component id="oc-1ea">
         <name>.debug_info</name>
         <load_address>0x70e1</load_address>
         <run_address>0x70e1</run_address>
         <size>0x279</size>
         <input_file_ref idref="fl-13"/>
      </object_component>
      <object_component id="oc-1d2">
         <name>.debug_info</name>
         <load_address>0x735a</load_address>
         <run_address>0x735a</run_address>
         <size>0x28f</size>
         <input_file_ref idref="fl-13"/>
      </object_component>
      <object_component id="oc-1d8">
         <name>.debug_info</name>
         <load_address>0x75e9</load_address>
         <run_address>0x75e9</run_address>
         <size>0x26e</size>
         <input_file_ref idref="fl-13"/>
      </object_component>
      <object_component id="oc-1f6">
         <name>.debug_info</name>
         <load_address>0x7857</load_address>
         <run_address>0x7857</run_address>
         <size>0x23f</size>
         <input_file_ref idref="fl-13"/>
      </object_component>
      <object_component id="oc-1e7">
         <name>.debug_info</name>
         <load_address>0x7a96</load_address>
         <run_address>0x7a96</run_address>
         <size>0x241</size>
         <input_file_ref idref="fl-13"/>
      </object_component>
      <object_component id="oc-1f1">
         <name>.debug_info</name>
         <load_address>0x7cd7</load_address>
         <run_address>0x7cd7</run_address>
         <size>0x239</size>
         <input_file_ref idref="fl-13"/>
      </object_component>
      <object_component id="oc-1de">
         <name>.debug_info</name>
         <load_address>0x7f10</load_address>
         <run_address>0x7f10</run_address>
         <size>0x23b</size>
         <input_file_ref idref="fl-13"/>
      </object_component>
      <object_component id="oc-1fd">
         <name>.debug_info</name>
         <load_address>0x814b</load_address>
         <run_address>0x814b</run_address>
         <size>0x232</size>
         <input_file_ref idref="fl-13"/>
      </object_component>
      <object_component id="oc-1ce">
         <name>.debug_info</name>
         <load_address>0x837d</load_address>
         <run_address>0x837d</run_address>
         <size>0x27b</size>
         <input_file_ref idref="fl-13"/>
      </object_component>
      <object_component id="oc-11b">
         <name>.debug_info</name>
         <load_address>0x85f8</load_address>
         <run_address>0x85f8</run_address>
         <size>0x397</size>
         <input_file_ref idref="fl-13"/>
      </object_component>
      <object_component id="oc-146">
         <name>.debug_info</name>
         <load_address>0x898f</load_address>
         <run_address>0x898f</run_address>
         <size>0x205</size>
         <input_file_ref idref="fl-14"/>
      </object_component>
      <object_component id="oc-9d">
         <name>.debug_info</name>
         <load_address>0x8b94</load_address>
         <run_address>0x8b94</run_address>
         <size>0x27d</size>
         <input_file_ref idref="fl-14"/>
      </object_component>
      <object_component id="oc-94">
         <name>.debug_info</name>
         <load_address>0x8e11</load_address>
         <run_address>0x8e11</run_address>
         <size>0x266</size>
         <input_file_ref idref="fl-14"/>
      </object_component>
      <object_component id="oc-c6">
         <name>.debug_info</name>
         <load_address>0x9077</load_address>
         <run_address>0x9077</run_address>
         <size>0x2ae</size>
         <input_file_ref idref="fl-14"/>
      </object_component>
      <object_component id="oc-13a">
         <name>.debug_info</name>
         <load_address>0x9325</load_address>
         <run_address>0x9325</run_address>
         <size>0x296</size>
         <input_file_ref idref="fl-14"/>
      </object_component>
      <object_component id="oc-c1">
         <name>.debug_info</name>
         <load_address>0x95bb</load_address>
         <run_address>0x95bb</run_address>
         <size>0x24f</size>
         <input_file_ref idref="fl-14"/>
      </object_component>
      <object_component id="oc-173">
         <name>.debug_info</name>
         <load_address>0x980a</load_address>
         <run_address>0x980a</run_address>
         <size>0x1fe</size>
         <input_file_ref idref="fl-15"/>
      </object_component>
      <object_component id="oc-14d">
         <name>.debug_info</name>
         <load_address>0x9a08</load_address>
         <run_address>0x9a08</run_address>
         <size>0x202</size>
         <input_file_ref idref="fl-15"/>
      </object_component>
      <object_component id="oc-155">
         <name>.debug_info</name>
         <load_address>0x9c0a</load_address>
         <run_address>0x9c0a</run_address>
         <size>0x21c</size>
         <input_file_ref idref="fl-15"/>
      </object_component>
      <object_component id="oc-161">
         <name>.debug_info</name>
         <load_address>0x9e26</load_address>
         <run_address>0x9e26</run_address>
         <size>0x202</size>
         <input_file_ref idref="fl-15"/>
      </object_component>
      <object_component id="oc-15b">
         <name>.debug_info</name>
         <load_address>0xa028</load_address>
         <run_address>0xa028</run_address>
         <size>0x1e8</size>
         <input_file_ref idref="fl-15"/>
      </object_component>
      <object_component id="oc-a1">
         <name>.debug_info</name>
         <load_address>0xa210</load_address>
         <run_address>0xa210</run_address>
         <size>0x20f</size>
         <input_file_ref idref="fl-15"/>
      </object_component>
      <object_component id="oc-a8">
         <name>.debug_info</name>
         <load_address>0xa41f</load_address>
         <run_address>0xa41f</run_address>
         <size>0x20a</size>
         <input_file_ref idref="fl-15"/>
      </object_component>
      <object_component id="oc-b4">
         <name>.debug_info</name>
         <load_address>0xa629</load_address>
         <run_address>0xa629</run_address>
         <size>0x2b2</size>
         <input_file_ref idref="fl-15"/>
      </object_component>
      <object_component id="oc-213">
         <name>.debug_info</name>
         <load_address>0xa8db</load_address>
         <run_address>0xa8db</run_address>
         <size>0x1f2</size>
         <input_file_ref idref="fl-16"/>
      </object_component>
      <object_component id="oc-207">
         <name>.debug_info</name>
         <load_address>0xaacd</load_address>
         <run_address>0xaacd</run_address>
         <size>0x20e</size>
         <input_file_ref idref="fl-16"/>
      </object_component>
      <object_component id="oc-2ee">
         <name>.debug_info</name>
         <load_address>0xacdb</load_address>
         <run_address>0xacdb</run_address>
         <size>0x1e4</size>
         <input_file_ref idref="fl-16"/>
      </object_component>
      <object_component id="oc-302">
         <name>.debug_info</name>
         <load_address>0xaebf</load_address>
         <run_address>0xaebf</run_address>
         <size>0x217</size>
         <input_file_ref idref="fl-16"/>
      </object_component>
      <object_component id="oc-2db">
         <name>.debug_info</name>
         <load_address>0xb0d6</load_address>
         <run_address>0xb0d6</run_address>
         <size>0x244</size>
         <input_file_ref idref="fl-16"/>
      </object_component>
      <object_component id="oc-2c4">
         <name>.debug_info</name>
         <load_address>0xb31a</load_address>
         <run_address>0xb31a</run_address>
         <size>0x242</size>
         <input_file_ref idref="fl-16"/>
      </object_component>
      <object_component id="oc-2ca">
         <name>.debug_info</name>
         <load_address>0xb55c</load_address>
         <run_address>0xb55c</run_address>
         <size>0x24a</size>
         <input_file_ref idref="fl-16"/>
      </object_component>
      <object_component id="oc-2e2">
         <name>.debug_info</name>
         <load_address>0xb7a6</load_address>
         <run_address>0xb7a6</run_address>
         <size>0x24d</size>
         <input_file_ref idref="fl-16"/>
      </object_component>
      <object_component id="oc-2d0">
         <name>.debug_info</name>
         <load_address>0xb9f3</load_address>
         <run_address>0xb9f3</run_address>
         <size>0x24e</size>
         <input_file_ref idref="fl-16"/>
      </object_component>
      <object_component id="oc-30e">
         <name>.debug_info</name>
         <load_address>0xbc41</load_address>
         <run_address>0xbc41</run_address>
         <size>0x258</size>
         <input_file_ref idref="fl-16"/>
      </object_component>
      <object_component id="oc-2d6">
         <name>.debug_info</name>
         <load_address>0xbe99</load_address>
         <run_address>0xbe99</run_address>
         <size>0x27c</size>
         <input_file_ref idref="fl-16"/>
      </object_component>
      <object_component id="oc-2e8">
         <name>.debug_info</name>
         <load_address>0xc115</load_address>
         <run_address>0xc115</run_address>
         <size>0x241</size>
         <input_file_ref idref="fl-16"/>
      </object_component>
      <object_component id="oc-12b">
         <name>.debug_info</name>
         <load_address>0xc356</load_address>
         <run_address>0xc356</run_address>
         <size>0x277</size>
         <input_file_ref idref="fl-16"/>
      </object_component>
      <object_component id="oc-126">
         <name>.debug_info</name>
         <load_address>0xc5cd</load_address>
         <run_address>0xc5cd</run_address>
         <size>0x51a</size>
         <input_file_ref idref="fl-16"/>
      </object_component>
      <object_component id="oc-28f">
         <name>.debug_info</name>
         <load_address>0xcae7</load_address>
         <run_address>0xcae7</run_address>
         <size>0x3ba</size>
         <input_file_ref idref="fl-16"/>
      </object_component>
      <object_component id="oc-20e">
         <name>.debug_info</name>
         <load_address>0xcea1</load_address>
         <run_address>0xcea1</run_address>
         <size>0x243</size>
         <input_file_ref idref="fl-16"/>
      </object_component>
      <object_component id="oc-132">
         <name>.debug_info</name>
         <load_address>0xd0e4</load_address>
         <run_address>0xd0e4</run_address>
         <size>0x251</size>
         <input_file_ref idref="fl-16"/>
      </object_component>
      <object_component id="oc-11f">
         <name>.debug_info</name>
         <load_address>0xd335</load_address>
         <run_address>0xd335</run_address>
         <size>0x241</size>
         <input_file_ref idref="fl-16"/>
      </object_component>
      <object_component id="oc-e0">
         <name>.debug_info</name>
         <load_address>0xd576</load_address>
         <run_address>0xd576</run_address>
         <size>0x158</size>
         <input_file_ref idref="fl-22"/>
      </object_component>
      <object_component id="oc-f7">
         <name>.debug_info</name>
         <load_address>0xd6ce</load_address>
         <run_address>0xd6ce</run_address>
         <size>0x127</size>
         <input_file_ref idref="fl-23"/>
      </object_component>
      <object_component id="oc-105">
         <name>.debug_info</name>
         <load_address>0xd7f5</load_address>
         <run_address>0xd7f5</run_address>
         <size>0x131</size>
         <input_file_ref idref="fl-24"/>
      </object_component>
      <object_component id="oc-6c">
         <name>.debug_info</name>
         <load_address>0xd926</load_address>
         <run_address>0xd926</run_address>
         <size>0x127</size>
         <input_file_ref idref="fl-25"/>
      </object_component>
      <object_component id="oc-f0">
         <name>.debug_info</name>
         <load_address>0xda4d</load_address>
         <run_address>0xda4d</run_address>
         <size>0x13b</size>
         <input_file_ref idref="fl-26"/>
      </object_component>
      <object_component id="oc-108">
         <name>.debug_info</name>
         <load_address>0xdb88</load_address>
         <run_address>0xdb88</run_address>
         <size>0x127</size>
         <input_file_ref idref="fl-27"/>
      </object_component>
      <object_component id="oc-66">
         <name>.debug_info</name>
         <load_address>0xdcaf</load_address>
         <run_address>0xdcaf</run_address>
         <size>0x12e</size>
         <input_file_ref idref="fl-28"/>
      </object_component>
      <object_component id="oc-ea">
         <name>.debug_info</name>
         <load_address>0xdddd</load_address>
         <run_address>0xdddd</run_address>
         <size>0x12b</size>
         <input_file_ref idref="fl-29"/>
      </object_component>
      <object_component id="oc-76">
         <name>.debug_info</name>
         <load_address>0xdf08</load_address>
         <run_address>0xdf08</run_address>
         <size>0x12b</size>
         <input_file_ref idref="fl-2a"/>
      </object_component>
      <object_component id="oc-72">
         <name>.debug_info</name>
         <load_address>0xe033</load_address>
         <run_address>0xe033</run_address>
         <size>0x127</size>
         <input_file_ref idref="fl-2b"/>
      </object_component>
      <object_component id="oc-4f">
         <name>.debug_info</name>
         <load_address>0xe15a</load_address>
         <run_address>0xe15a</run_address>
         <size>0x19b</size>
         <input_file_ref idref="fl-2c"/>
      </object_component>
      <object_component id="oc-19c">
         <name>.debug_info</name>
         <load_address>0xe2f5</load_address>
         <run_address>0xe2f5</run_address>
         <size>0x14d</size>
         <input_file_ref idref="fl-2d"/>
      </object_component>
      <object_component id="oc-240">
         <name>.debug_info</name>
         <load_address>0xe442</load_address>
         <run_address>0xe442</run_address>
         <size>0x1bf</size>
         <input_file_ref idref="fl-2e"/>
      </object_component>
      <object_component id="oc-55">
         <name>.debug_info</name>
         <load_address>0xe601</load_address>
         <run_address>0xe601</run_address>
         <size>0x1b6</size>
         <input_file_ref idref="fl-2f"/>
      </object_component>
      <object_component id="oc-2b">
         <name>.debug_info</name>
         <load_address>0xe7b7</load_address>
         <run_address>0xe7b7</run_address>
         <size>0x1b7</size>
         <input_file_ref idref="fl-30"/>
      </object_component>
      <object_component id="oc-26">
         <name>.debug_info</name>
         <load_address>0xe96e</load_address>
         <run_address>0xe96e</run_address>
         <size>0x20c</size>
         <input_file_ref idref="fl-31"/>
      </object_component>
      <object_component id="oc-272">
         <name>.debug_info</name>
         <load_address>0xeb7a</load_address>
         <run_address>0xeb7a</run_address>
         <size>0x19e</size>
         <input_file_ref idref="fl-32"/>
      </object_component>
      <object_component id="oc-1a9">
         <name>.debug_info</name>
         <load_address>0xed18</load_address>
         <run_address>0xed18</run_address>
         <size>0x1a9</size>
         <input_file_ref idref="fl-32"/>
      </object_component>
      <object_component id="oc-275">
         <name>.debug_info</name>
         <load_address>0xeec1</load_address>
         <run_address>0xeec1</run_address>
         <size>0x107</size>
         <input_file_ref idref="fl-33"/>
      </object_component>
      <object_component id="oc-2fb">
         <name>.debug_info</name>
         <load_address>0xefc8</load_address>
         <run_address>0xefc8</run_address>
         <size>0x10b</size>
         <input_file_ref idref="fl-33"/>
      </object_component>
      <object_component id="oc-2b8">
         <name>.debug_info</name>
         <load_address>0xf0d3</load_address>
         <run_address>0xf0d3</run_address>
         <size>0x203</size>
         <input_file_ref idref="fl-33"/>
      </object_component>
      <object_component id="oc-1a6">
         <name>.debug_info</name>
         <load_address>0xf2d6</load_address>
         <run_address>0xf2d6</run_address>
         <size>0x15d</size>
         <input_file_ref idref="fl-34"/>
      </object_component>
      <object_component id="oc-29d">
         <name>.debug_info</name>
         <load_address>0xf433</load_address>
         <run_address>0xf433</run_address>
         <size>0x147</size>
         <input_file_ref idref="fl-37"/>
      </object_component>
      <object_component id="oc-35a">
         <name>.debug_info</name>
         <load_address>0xf57a</load_address>
         <run_address>0xf57a</run_address>
         <size>0xac</size>
      </object_component>
      <object_component id="oc-115">
         <name>.debug_line</name>
         <load_address>0x0</load_address>
         <run_address>0x0</run_address>
         <size>0x34</size>
         <input_file_ref idref="fl-2"/>
      </object_component>
      <object_component id="oc-117">
         <name>.debug_line</name>
         <load_address>0x34</load_address>
         <run_address>0x34</run_address>
         <size>0x34</size>
         <input_file_ref idref="fl-2"/>
      </object_component>
      <object_component id="oc-41">
         <name>.debug_line</name>
         <load_address>0x68</load_address>
         <run_address>0x68</run_address>
         <size>0x5ae</size>
         <input_file_ref idref="fl-2"/>
      </object_component>
      <object_component id="oc-45">
         <name>.debug_line</name>
         <load_address>0x616</load_address>
         <run_address>0x616</run_address>
         <size>0x60</size>
         <input_file_ref idref="fl-2"/>
      </object_component>
      <object_component id="oc-191">
         <name>.debug_line</name>
         <load_address>0x676</load_address>
         <run_address>0x676</run_address>
         <size>0x1b7</size>
         <input_file_ref idref="fl-2"/>
      </object_component>
      <object_component id="oc-ac">
         <name>.debug_line</name>
         <load_address>0x82d</load_address>
         <run_address>0x82d</run_address>
         <size>0x5c</size>
         <input_file_ref idref="fl-3"/>
      </object_component>
      <object_component id="oc-231">
         <name>.debug_line</name>
         <load_address>0x889</load_address>
         <run_address>0x889</run_address>
         <size>0xad</size>
         <input_file_ref idref="fl-3"/>
      </object_component>
      <object_component id="oc-81">
         <name>.debug_line</name>
         <load_address>0x936</load_address>
         <run_address>0x936</run_address>
         <size>0x101</size>
         <input_file_ref idref="fl-4"/>
      </object_component>
      <object_component id="oc-1bc">
         <name>.debug_line</name>
         <load_address>0xa37</load_address>
         <run_address>0xa37</run_address>
         <size>0xc3</size>
         <input_file_ref idref="fl-4"/>
      </object_component>
      <object_component id="oc-7b">
         <name>.debug_line</name>
         <load_address>0xafa</load_address>
         <run_address>0xafa</run_address>
         <size>0x101</size>
         <input_file_ref idref="fl-5"/>
      </object_component>
      <object_component id="oc-1b9">
         <name>.debug_line</name>
         <load_address>0xbfb</load_address>
         <run_address>0xbfb</run_address>
         <size>0xc3</size>
         <input_file_ref idref="fl-5"/>
      </object_component>
      <object_component id="oc-22d">
         <name>.debug_line</name>
         <load_address>0xcbe</load_address>
         <run_address>0xcbe</run_address>
         <size>0x38</size>
         <input_file_ref idref="fl-6"/>
      </object_component>
      <object_component id="oc-16f">
         <name>.debug_line</name>
         <load_address>0xcf6</load_address>
         <run_address>0xcf6</run_address>
         <size>0x75</size>
         <input_file_ref idref="fl-6"/>
      </object_component>
      <object_component id="oc-297">
         <name>.debug_line</name>
         <load_address>0xd6b</load_address>
         <run_address>0xd6b</run_address>
         <size>0x21</size>
         <input_file_ref idref="fl-6"/>
      </object_component>
      <object_component id="oc-1b3">
         <name>.debug_line</name>
         <load_address>0xd8c</load_address>
         <run_address>0xd8c</run_address>
         <size>0x40</size>
         <input_file_ref idref="fl-7"/>
      </object_component>
      <object_component id="oc-101">
         <name>.debug_line</name>
         <load_address>0xdcc</load_address>
         <run_address>0xdcc</run_address>
         <size>0xa1</size>
         <input_file_ref idref="fl-7"/>
      </object_component>
      <object_component id="oc-27a">
         <name>.debug_line</name>
         <load_address>0xe6d</load_address>
         <run_address>0xe6d</run_address>
         <size>0x8a</size>
         <input_file_ref idref="fl-7"/>
      </object_component>
      <object_component id="oc-35">
         <name>.debug_line</name>
         <load_address>0xef7</load_address>
         <run_address>0xef7</run_address>
         <size>0x55</size>
         <input_file_ref idref="fl-8"/>
      </object_component>
      <object_component id="oc-63">
         <name>.debug_line</name>
         <load_address>0xf4c</load_address>
         <run_address>0xf4c</run_address>
         <size>0x5d</size>
         <input_file_ref idref="fl-8"/>
      </object_component>
      <object_component id="oc-21d">
         <name>.debug_line</name>
         <load_address>0xfa9</load_address>
         <run_address>0xfa9</run_address>
         <size>0x37</size>
         <input_file_ref idref="fl-9"/>
      </object_component>
      <object_component id="oc-92">
         <name>.debug_line</name>
         <load_address>0xfe0</load_address>
         <run_address>0xfe0</run_address>
         <size>0x3e0</size>
         <input_file_ref idref="fl-9"/>
      </object_component>
      <object_component id="oc-21f">
         <name>.debug_line</name>
         <load_address>0x13c0</load_address>
         <run_address>0x13c0</run_address>
         <size>0xfd</size>
         <input_file_ref idref="fl-9"/>
      </object_component>
      <object_component id="oc-17b">
         <name>.debug_line</name>
         <load_address>0x14bd</load_address>
         <run_address>0x14bd</run_address>
         <size>0x97</size>
         <input_file_ref idref="fl-12"/>
      </object_component>
      <object_component id="oc-bb">
         <name>.debug_line</name>
         <load_address>0x1554</load_address>
         <run_address>0x1554</run_address>
         <size>0xa3</size>
         <input_file_ref idref="fl-12"/>
      </object_component>
      <object_component id="oc-181">
         <name>.debug_line</name>
         <load_address>0x15f7</load_address>
         <run_address>0x15f7</run_address>
         <size>0xe2</size>
         <input_file_ref idref="fl-12"/>
      </object_component>
      <object_component id="oc-187">
         <name>.debug_line</name>
         <load_address>0x16d9</load_address>
         <run_address>0x16d9</run_address>
         <size>0xc3</size>
         <input_file_ref idref="fl-12"/>
      </object_component>
      <object_component id="oc-238">
         <name>.debug_line</name>
         <load_address>0x179c</load_address>
         <run_address>0x179c</run_address>
         <size>0xe3</size>
         <input_file_ref idref="fl-12"/>
      </object_component>
      <object_component id="oc-1c3">
         <name>.debug_line</name>
         <load_address>0x187f</load_address>
         <run_address>0x187f</run_address>
         <size>0x99</size>
         <input_file_ref idref="fl-13"/>
      </object_component>
      <object_component id="oc-1ca">
         <name>.debug_line</name>
         <load_address>0x1918</load_address>
         <run_address>0x1918</run_address>
         <size>0x99</size>
         <input_file_ref idref="fl-13"/>
      </object_component>
      <object_component id="oc-1ed">
         <name>.debug_line</name>
         <load_address>0x19b1</load_address>
         <run_address>0x19b1</run_address>
         <size>0x9d</size>
         <input_file_ref idref="fl-13"/>
      </object_component>
      <object_component id="oc-1d6">
         <name>.debug_line</name>
         <load_address>0x1a4e</load_address>
         <run_address>0x1a4e</run_address>
         <size>0x9c</size>
         <input_file_ref idref="fl-13"/>
      </object_component>
      <object_component id="oc-1db">
         <name>.debug_line</name>
         <load_address>0x1aea</load_address>
         <run_address>0x1aea</run_address>
         <size>0x9c</size>
         <input_file_ref idref="fl-13"/>
      </object_component>
      <object_component id="oc-1f9">
         <name>.debug_line</name>
         <load_address>0x1b86</load_address>
         <run_address>0x1b86</run_address>
         <size>0x9c</size>
         <input_file_ref idref="fl-13"/>
      </object_component>
      <object_component id="oc-1e5">
         <name>.debug_line</name>
         <load_address>0x1c22</load_address>
         <run_address>0x1c22</run_address>
         <size>0x9c</size>
         <input_file_ref idref="fl-13"/>
      </object_component>
      <object_component id="oc-1f4">
         <name>.debug_line</name>
         <load_address>0x1cbe</load_address>
         <run_address>0x1cbe</run_address>
         <size>0x9c</size>
         <input_file_ref idref="fl-13"/>
      </object_component>
      <object_component id="oc-1e2">
         <name>.debug_line</name>
         <load_address>0x1d5a</load_address>
         <run_address>0x1d5a</run_address>
         <size>0x9c</size>
         <input_file_ref idref="fl-13"/>
      </object_component>
      <object_component id="oc-1fc">
         <name>.debug_line</name>
         <load_address>0x1df6</load_address>
         <run_address>0x1df6</run_address>
         <size>0x9c</size>
         <input_file_ref idref="fl-13"/>
      </object_component>
      <object_component id="oc-1cd">
         <name>.debug_line</name>
         <load_address>0x1e92</load_address>
         <run_address>0x1e92</run_address>
         <size>0x9d</size>
         <input_file_ref idref="fl-13"/>
      </object_component>
      <object_component id="oc-119">
         <name>.debug_line</name>
         <load_address>0x1f2f</load_address>
         <run_address>0x1f2f</run_address>
         <size>0xa4</size>
         <input_file_ref idref="fl-13"/>
      </object_component>
      <object_component id="oc-288">
         <name>.debug_line</name>
         <load_address>0x1fd3</load_address>
         <run_address>0x1fd3</run_address>
         <size>0xe5</size>
         <input_file_ref idref="fl-13"/>
      </object_component>
      <object_component id="oc-144">
         <name>.debug_line</name>
         <load_address>0x20b8</load_address>
         <run_address>0x20b8</run_address>
         <size>0x98</size>
         <input_file_ref idref="fl-14"/>
      </object_component>
      <object_component id="oc-9c">
         <name>.debug_line</name>
         <load_address>0x2150</load_address>
         <run_address>0x2150</run_address>
         <size>0xa2</size>
         <input_file_ref idref="fl-14"/>
      </object_component>
      <object_component id="oc-97">
         <name>.debug_line</name>
         <load_address>0x21f2</load_address>
         <run_address>0x21f2</run_address>
         <size>0xb1</size>
         <input_file_ref idref="fl-14"/>
      </object_component>
      <object_component id="oc-c5">
         <name>.debug_line</name>
         <load_address>0x22a3</load_address>
         <run_address>0x22a3</run_address>
         <size>0x9f</size>
         <input_file_ref idref="fl-14"/>
      </object_component>
      <object_component id="oc-139">
         <name>.debug_line</name>
         <load_address>0x2342</load_address>
         <run_address>0x2342</run_address>
         <size>0x9f</size>
         <input_file_ref idref="fl-14"/>
      </object_component>
      <object_component id="oc-c0">
         <name>.debug_line</name>
         <load_address>0x23e1</load_address>
         <run_address>0x23e1</run_address>
         <size>0x9f</size>
         <input_file_ref idref="fl-14"/>
      </object_component>
      <object_component id="oc-223">
         <name>.debug_line</name>
         <load_address>0x2480</load_address>
         <run_address>0x2480</run_address>
         <size>0xe4</size>
         <input_file_ref idref="fl-14"/>
      </object_component>
      <object_component id="oc-177">
         <name>.debug_line</name>
         <load_address>0x2564</load_address>
         <run_address>0x2564</run_address>
         <size>0x9d</size>
         <input_file_ref idref="fl-15"/>
      </object_component>
      <object_component id="oc-150">
         <name>.debug_line</name>
         <load_address>0x2601</load_address>
         <run_address>0x2601</run_address>
         <size>0x9d</size>
         <input_file_ref idref="fl-15"/>
      </object_component>
      <object_component id="oc-159">
         <name>.debug_line</name>
         <load_address>0x269e</load_address>
         <run_address>0x269e</run_address>
         <size>0xa3</size>
         <input_file_ref idref="fl-15"/>
      </object_component>
      <object_component id="oc-165">
         <name>.debug_line</name>
         <load_address>0x2741</load_address>
         <run_address>0x2741</run_address>
         <size>0x9b</size>
         <input_file_ref idref="fl-15"/>
      </object_component>
      <object_component id="oc-15f">
         <name>.debug_line</name>
         <load_address>0x27dc</load_address>
         <run_address>0x27dc</run_address>
         <size>0x9b</size>
         <input_file_ref idref="fl-15"/>
      </object_component>
      <object_component id="oc-a4">
         <name>.debug_line</name>
         <load_address>0x2877</load_address>
         <run_address>0x2877</run_address>
         <size>0xb8</size>
         <input_file_ref idref="fl-15"/>
      </object_component>
      <object_component id="oc-a7">
         <name>.debug_line</name>
         <load_address>0x292f</load_address>
         <run_address>0x292f</run_address>
         <size>0xb1</size>
         <input_file_ref idref="fl-15"/>
      </object_component>
      <object_component id="oc-b3">
         <name>.debug_line</name>
         <load_address>0x29e0</load_address>
         <run_address>0x29e0</run_address>
         <size>0xb1</size>
         <input_file_ref idref="fl-15"/>
      </object_component>
      <object_component id="oc-227">
         <name>.debug_line</name>
         <load_address>0x2a91</load_address>
         <run_address>0x2a91</run_address>
         <size>0x21</size>
         <input_file_ref idref="fl-15"/>
      </object_component>
      <object_component id="oc-216">
         <name>.debug_line</name>
         <load_address>0x2ab2</load_address>
         <run_address>0x2ab2</run_address>
         <size>0x9d</size>
         <input_file_ref idref="fl-16"/>
      </object_component>
      <object_component id="oc-20a">
         <name>.debug_line</name>
         <load_address>0x2b4f</load_address>
         <run_address>0x2b4f</run_address>
         <size>0x9a</size>
         <input_file_ref idref="fl-16"/>
      </object_component>
      <object_component id="oc-2ed">
         <name>.debug_line</name>
         <load_address>0x2be9</load_address>
         <run_address>0x2be9</run_address>
         <size>0x9c</size>
         <input_file_ref idref="fl-16"/>
      </object_component>
      <object_component id="oc-305">
         <name>.debug_line</name>
         <load_address>0x2c85</load_address>
         <run_address>0x2c85</run_address>
         <size>0x9c</size>
         <input_file_ref idref="fl-16"/>
      </object_component>
      <object_component id="oc-2de">
         <name>.debug_line</name>
         <load_address>0x2d21</load_address>
         <run_address>0x2d21</run_address>
         <size>0x9d</size>
         <input_file_ref idref="fl-16"/>
      </object_component>
      <object_component id="oc-2c3">
         <name>.debug_line</name>
         <load_address>0x2dbe</load_address>
         <run_address>0x2dbe</run_address>
         <size>0x9d</size>
         <input_file_ref idref="fl-16"/>
      </object_component>
      <object_component id="oc-2c9">
         <name>.debug_line</name>
         <load_address>0x2e5b</load_address>
         <run_address>0x2e5b</run_address>
         <size>0xa1</size>
         <input_file_ref idref="fl-16"/>
      </object_component>
      <object_component id="oc-2e1">
         <name>.debug_line</name>
         <load_address>0x2efc</load_address>
         <run_address>0x2efc</run_address>
         <size>0xa2</size>
         <input_file_ref idref="fl-16"/>
      </object_component>
      <object_component id="oc-2cf">
         <name>.debug_line</name>
         <load_address>0x2f9e</load_address>
[...]
         <used_space>0x0</used_space>
         <unused_space>0x1000</unused_space>
         <attributes>RWIX</attributes>
         <usage_details>
         </usage_details>
      </memory_area>
      <memory_area display="yes" color="green">
         <name>RAMGS10</name>
         <page_id>0x1</page_id>
         <origin>0x16000</origin>
         <length>0x1000</length>
         <used_space>0x0</used_space>
         <unused_space>0x1000</unused_space>
         <attributes>RWIX</attributes>
         <usage_details>
         </usage_details>
      </memory_area>
      <memory_area display="yes" color="green">
         <name>RAMGS11</name>
         <page_id>0x1</page_id>
         <origin>0x17000</origin>
         <length>0x1000</length>
         <used_space>0x0</used_space>
         <unused_space>0x1000</unused_space>
         <attributes>RWIX</attributes>
         <usage_details>
         </usage_details>
      </memory_area>
      <memory_area display="yes" color="green">
         <name>RAMGS12</name>
         <page_id>0x1</page_id>
         <origin>0x18000</origin>
         <length>0x1000</length>
         <used_space>0x0</used_space>
         <unused_space>0x1000</unused_space>
         <attributes>RWIX</attributes>
         <usage_details>
         </usage_details>
      </memory_area>
      <memory_area display="yes" color="green">
         <name>RAMGS13</name>
         <page_id>0x1</page_id>
         <origin>0x19000</origin>
         <length>0x1000</length>
         <used_space>0x0</used_space>
         <unused_space>0x1000</unused_space>
         <attributes>RWIX</attributes>
         <usage_details>
         </usage_details>
      </memory_area>
      <memory_area display="yes" color="green">
         <name>CPU2TOCPU1RAM</name>
         <page_id>0x1</page_id>
         <origin>0x3f800</origin>
         <length>0x400</length>
         <used_space>0x0</used_space>
         <unused_space>0x400</unused_space>
         <attributes>RWIX</attributes>
         <usage_details>
         </usage_details>
      </memory_area>
      <memory_area display="yes" color="green">
         <name>CPU1TOCPU2RAM</name>
         <page_id>0x1</page_id>
         <origin>0x3fc00</origin>
         <length>0x400</length>
         <used_space>0x0</used_space>
         <unused_space>0x400</unused_space>
         <attributes>RWIX</attributes>
         <usage_details>
         </usage_details>
      </memory_area>
   </placement_map>
   <cptbl_list>
      <cptbl>
         <name>__TI_cinit_table</name>
         <cprec>
            <name>.data</name>
            <load_address>0x83a58</load_address>
            <load_size>0xb</load_size>
            <run_address>0xa8b4</run_address>
            <run_size>0x14</run_size>
            <compression>lzss</compression>
         </cprec>
         <cprec>
            <name>.bss</name>
            <load_address>0x83a6a</load_address>
            <load_size>0x4</load_size>
            <run_address>0xa800</run_address>
            <run_size>0xb4</run_size>
            <compression>zero_init</compression>
         </cprec>
      </cptbl>
   </cptbl_list>
   <handler_table>
      <handler_table_name>__TI_handler_table</handler_table_name>
      <handler>
         <index>0x0</index>
         <name>__TI_zero_init</name>
      </handler>
      <handler>
         <index>0x1</index>
         <name>__TI_decompress_lzss</name>
      </handler>
      <handler>
         <index>0x2</index>
         <name>__TI_decompress_none</name>
      </handler>
   </handler_table>
   <symbol_table>
      <symbol id="sm-1">
         <name>RamfuncsLoadStart</name>
         <value>0x86000</value>
      </symbol>
      <symbol id="sm-2">
         <name>RamfuncsLoadSize</name>
         <value>0x128</value>
      </symbol>
      <symbol id="sm-3">
         <name>RamfuncsLoadEnd</name>
         <value>0x86128</value>
      </symbol>
      <symbol id="sm-4">
         <name>RamfuncsRunStart</name>
         <value>0x8000</value>
      </symbol>
      <symbol id="sm-5">
         <name>RamfuncsRunSize</name>
         <value>0x128</value>
      </symbol>
      <symbol id="sm-6">
         <name>RamfuncsRunEnd</name>
         <value>0x8128</value>
      </symbol>
      <symbol id="sm-7">
         <name>__TI_CINIT_Base</name>
         <value>0x83a70</value>
      </symbol>
      <symbol id="sm-8">
         <name>__TI_CINIT_Limit</name>
         <value>0x83a78</value>
      </symbol>
      <symbol id="sm-9">
         <name>__TI_CINIT_Warm</name>
         <value>0x83a78</value>
      </symbol>
      <symbol id="sm-a">
         <name>__TI_Handler_Table_Base</name>
         <value>0x83a64</value>
      </symbol>
      <symbol id="sm-b">
         <name>__TI_Handler_Table_Limit</name>
         <value>0x83a6a</value>
      </symbol>
      <symbol id="sm-c">
         <name>__TI_STACK_SIZE</name>
         <value>0x3f8</value>
      </symbol>
      <symbol id="sm-d">
         <name>__TI_STACK_END</name>
         <value>0x7f8</value>
      </symbol>
      <symbol id="sm-e">
         <name>__TI_pprof_out_hndl</name>
         <value>0xffffffff</value>
      </symbol>
      <symbol id="sm-f">
         <name>__TI_prof_data_start</name>
         <value>0xffffffff</value>
      </symbol>
      <symbol id="sm-10">
         <name>__TI_prof_data_size</name>
         <value>0xffffffff</value>
      </symbol>
      <symbol id="sm-b5">
         <name>adcA1ISR</name>
         <value>0x82ede</value>
         <object_component_ref idref="oc-3c"/>
      </symbol>
      <symbol id="sm-b6">
         <name>initEPWM3</name>
         <value>0x824a8</value>
         <object_component_ref idref="oc-3d"/>
      </symbol>
      <symbol id="sm-b7">
         <name>initEPWM2</name>
         <value>0x8245e</value>
         <object_component_ref idref="oc-3d"/>
      </symbol>
      <symbol id="sm-b8">
         <name>initEPWM1</name>
         <value>0x82434</value>
         <object_component_ref idref="oc-3d"/>
      </symbol>
      <symbol id="sm-b9">
         <name>PinMux_init</name>
         <value>0x824f2</value>
         <object_component_ref idref="oc-3d"/>
      </symbol>
      <symbol id="sm-ba">
         <name>ADCA_data</name>
         <value>0xa852</value>
         <object_component_ref idref="oc-89"/>
      </symbol>
      <symbol id="sm-bb">
         <name>initADCSOCA</name>
         <value>0x82401</value>
         <object_component_ref idref="oc-3d"/>
      </symbol>
      <symbol id="sm-bc">
         <name>adcAResult2</name>
         <value>0xa85c</value>
         <object_component_ref idref="oc-86"/>
      </symbol>
      <symbol id="sm-bd">
         <name>adcAResult0</name>
         <value>0xa858</value>
         <object_component_ref idref="oc-86"/>
      </symbol>
      <symbol id="sm-be">
         <name>adcAResult1</name>
         <value>0xa85a</value>
         <object_component_ref idref="oc-86"/>
      </symbol>
      <symbol id="sm-bf">
         <name>main</name>
         <value>0x823aa</value>
         <object_component_ref idref="oc-3d"/>
      </symbol>
      <symbol id="sm-c0">
         <name>configureADC</name>
         <value>0x823e9</value>
         <object_component_ref idref="oc-3d"/>
      </symbol>
      <symbol id="sm-cd">
         <name>Application_Init</name>
         <value>0x83050</value>
         <object_component_ref idref="oc-ab"/>
      </symbol>
      <symbol id="sm-ed">
         <name>Control_Loop_1</name>
         <value>0x82d05</value>
         <object_component_ref idref="oc-80"/>
      </symbol>
      <symbol id="sm-10d">
         <name>Control_Loop_2</name>
         <value>0x82e20</value>
         <object_component_ref idref="oc-7a"/>
      </symbol>
      <symbol id="sm-11f">
         <name>Filter_BP_2</name>
         <value>0xa840</value>
         <object_component_ref idref="oc-167"/>
      </symbol>
      <symbol id="sm-120">
         <name>Filter_BP_1</name>
         <value>0xa812</value>
         <object_component_ref idref="oc-167"/>
      </symbol>
      <symbol id="sm-121">
         <name>ASW_IIR_second_order</name>
         <value>0x8333d</value>
         <object_component_ref idref="oc-16a"/>
      </symbol>
      <symbol id="sm-122">
         <name>ASW_IIR_second_order_init</name>
         <value>0x8330b</value>
         <object_component_ref idref="oc-16a"/>
      </symbol>
      <symbol id="sm-123">
         <name>Filter_Notch_1</name>
         <value>0xa800</value>
         <object_component_ref idref="oc-167"/>
      </symbol>
      <symbol id="sm-124">
         <name>Filter_Notch_2</name>
         <value>0xa824</value>
         <object_component_ref idref="oc-167"/>
      </symbol>
      <symbol id="sm-138">
         <name>Initialise_PID</name>
         <value>0x82b63</value>
         <object_component_ref idref="oc-fc"/>
      </symbol>
      <symbol id="sm-139">
         <name>PID_Position_Control_2</name>
         <value>0xa89a</value>
         <object_component_ref idref="oc-f9"/>
      </symbol>
      <symbol id="sm-13a">
         <name>PID_Position_Control_1</name>
         <value>0xa880</value>
         <object_component_ref idref="oc-f9"/>
      </symbol>
      <symbol id="sm-13b">
         <name>PID_Control</name>
         <value>0x82ba8</value>
         <object_component_ref idref="oc-fc"/>
      </symbol>
      <symbol id="sm-14a">
         <name>code_start</name>
         <value>0x80000</value>
         <object_component_ref idref="oc-31"/>
      </symbol>
      <symbol id="sm-17b">
         <name>Device_enableAllPeripherals</name>
         <value>0x8264e</value>
         <object_component_ref idref="oc-8d"/>
      </symbol>
      <symbol id="sm-17c">
         <name>Device_initGPIO</name>
         <value>0x82739</value>
         <object_component_ref idref="oc-8d"/>
      </symbol>
      <symbol id="sm-17d">
         <name>Example_Fail</name>
         <value>0xa8b8</value>
         <object_component_ref idref="oc-13d"/>
      </symbol>
      <symbol id="sm-17e">
         <name>Example_setResultFail</name>
         <value>0x82957</value>
         <object_component_ref idref="oc-8d"/>
      </symbol>
      <symbol id="sm-17f">
         <name>Device_bootCPU2</name>
         <value>0x827d1</value>
         <object_component_ref idref="oc-8d"/>
      </symbol>
      <symbol id="sm-180">
         <name>Device_init</name>
         <value>0x825fb</value>
         <object_component_ref idref="oc-8d"/>
      </symbol>
      <symbol id="sm-181">
         <name>Example_Result</name>
         <value>0xa8b4</value>
         <object_component_ref idref="oc-13d"/>
      </symbol>
      <symbol id="sm-182">
         <name>Device_enableUnbondedGPIOPullups</name>
         <value>0x8278a</value>
         <object_component_ref idref="oc-8d"/>
      </symbol>
      <symbol id="sm-183">
         <name>__error__</name>
         <value>0x8294b</value>
         <object_component_ref idref="oc-8d"/>
      </symbol>
      <symbol id="sm-184">
         <name>Example_setResultPass</name>
         <value>0x82952</value>
         <object_component_ref idref="oc-8d"/>
      </symbol>
      <symbol id="sm-185">
         <name>Device_configureTMXAnalogTrim</name>
         <value>0x827a0</value>
         <object_component_ref idref="oc-8d"/>
      </symbol>
      <symbol id="sm-186">
         <name>Device_enableUnbondedGPIOPullupsFor176Pin</name>
         <value>0x8275a</value>
         <object_component_ref idref="oc-8d"/>
      </symbol>
      <symbol id="sm-187">
         <name>Example_done</name>
         <value>0x8295c</value>
         <object_component_ref idref="oc-8d"/>
      </symbol>
      <symbol id="sm-188">
         <name>Example_PassCount</name>
         <value>0xa8b6</value>
         <object_component_ref idref="oc-13d"/>
      </symbol>
      <symbol id="sm-189">
         <name>Device_enableUnbondedGPIOPullupsFor100Pin</name>
         <value>0x8276d</value>
         <object_component_ref idref="oc-8d"/>
      </symbol>
      <symbol id="sm-1ca">
         <name>ADC_setOffsetTrim</name>
         <value>0x83463</value>
         <object_component_ref idref="oc-186"/>
      </symbol>
      <symbol id="sm-1cb">
         <name>ADC_setMode</name>
         <value>0x836f8</value>
         <object_component_ref idref="oc-b7"/>
      </symbol>
      <symbol id="sm-1cc">
         <name>ADC_setINLTrim</name>
         <value>0x8338c</value>
         <object_component_ref idref="oc-180"/>
      </symbol>
      <symbol id="sm-246">
         <name>Flash_initModule</name>
         <value>0x8000</value>
         <object_component_ref idref="oc-118"/>
      </symbol>
      <symbol id="sm-288">
         <name>GPIO_setQualificationMode</name>
         <value>0x83659</value>
         <object_component_ref idref="oc-c4"/>
      </symbol>
      <symbol id="sm-289">
         <name>GPIO_setPadConfig</name>
         <value>0x834c3</value>
         <object_component_ref idref="oc-93"/>
      </symbol>
      <symbol id="sm-28a">
         <name>GPIO_setDirectionMode</name>
         <value>0x836c7</value>
         <object_component_ref idref="oc-99"/>
      </symbol>
      <symbol id="sm-28b">
         <name>GPIO_setPinConfig</name>
         <value>0x83622</value>
         <object_component_ref idref="oc-be"/>
      </symbol>
      <symbol id="sm-28c">
         <name>GPIO_setControllerCore</name>
         <value>0x835eb</value>
         <object_component_ref idref="oc-137"/>
      </symbol>
      <symbol id="sm-2de">
         <name>Interrupt_initModule</name>
         <value>0x835ae</value>
         <object_component_ref idref="oc-9f"/>
      </symbol>
      <symbol id="sm-2df">
         <name>Interrupt_enable</name>
         <value>0x83690</value>
         <object_component_ref idref="oc-b1"/>
      </symbol>
      <symbol id="sm-2e0">
         <name>Interrupt_initVectorTable</name>
         <value>0x8385c</value>
         <object_component_ref idref="oc-a5"/>
      </symbol>
      <symbol id="sm-3b9">
         <name>SysCtl_delay</name>
         <value>0x8124</value>
         <object_component_ref idref="oc-bd"/>
      </symbol>
      <symbol id="sm-3ba">
         <name>SysCtl_getDeviceParametric</name>
         <value>0x833fb</value>
         <object_component_ref idref="oc-11e"/>
      </symbol>
      <symbol id="sm-3bb">
         <name>SysCtl_selectXTAL</name>
         <value>0x83176</value>
         <object_component_ref idref="oc-28e"/>
      </symbol>
      <symbol id="sm-3bc">
         <name>SysCtl_selectOscSource</name>
         <value>0x83566</value>
         <object_component_ref idref="oc-20c"/>
      </symbol>
      <symbol id="sm-3bd">
         <name>SysCtl_getLowSpeedClock</name>
         <value>0x838e8</value>
         <object_component_ref idref="oc-131"/>
      </symbol>
      <symbol id="sm-3be">
         <name>SysCtl_setClock</name>
         <value>0x8295d</value>
         <object_component_ref idref="oc-124"/>
      </symbol>
      <symbol id="sm-3bf">
         <name>SysCtl_getClock</name>
         <value>0x83515</value>
         <object_component_ref idref="oc-12a"/>
      </symbol>
      <symbol id="sm-3c9">
         <name>_c_int00</name>
         <value>0x83919</value>
         <object_component_ref idref="oc-de"/>
      </symbol>
      <symbol id="sm-3ca">
         <name>__stack</name>
         <value>0x400</value>
         <object_component_ref idref="oc-48"/>
      </symbol>
      <symbol id="sm-3e1">
         <name>__c28xabi_addd</name>
         <value>0x82fb4</value>
         <object_component_ref idref="oc-f4"/>
      </symbol>
      <symbol id="sm-3ed">
         <name>__c28xabi_cmpd</name>
         <value>0x83780</value>
         <object_component_ref idref="oc-102"/>
      </symbol>
      <symbol id="sm-3fb">
         <name>__c28xabi_mpyd</name>
         <value>0x83288</value>
         <object_component_ref idref="oc-6b"/>
      </symbol>
      <symbol id="sm-403">
         <name>__c28xabi_subd</name>
         <value>0x839da</value>
         <object_component_ref idref="oc-ef"/>
      </symbol>
      <symbol id="sm-410">
         <name>__c28xabi_divf</name>
         <value>0x83200</value>
         <object_component_ref idref="oc-107"/>
      </symbol>
      <symbol id="sm-41d">
         <name>__c28xabi_ultod</name>
         <value>0x83930</value>
         <object_component_ref idref="oc-65"/>
      </symbol>
      <symbol id="sm-429">
         <name>__c28xabi_ftod</name>
         <value>0x83897</value>
         <object_component_ref idref="oc-e9"/>
      </symbol>
      <symbol id="sm-435">
         <name>__c28xabi_dtof</name>
         <value>0x837f9</value>
         <object_component_ref idref="oc-75"/>
      </symbol>
      <symbol id="sm-448">
         <name>__c28xabi_divd</name>
         <value>0x830eb</value>
         <object_component_ref idref="oc-70"/>
      </symbol>
      <symbol id="sm-45a">
         <name>memcpy</name>
         <value>0x8387a</value>
         <object_component_ref idref="oc-4b"/>
      </symbol>
      <symbol id="sm-467">
         <name>_system_pre_init</name>
         <value>0x83a53</value>
         <object_component_ref idref="oc-19b"/>
      </symbol>
      <symbol id="sm-476">
         <name>__TI_auto_init_nobinit_nopinit</name>
         <value>0x83755</value>
         <object_component_ref idref="oc-23f"/>
      </symbol>
      <symbol id="sm-485">
         <name>__TI_zero_init_nomemset</name>
         <value>0x83a02</value>
         <object_component_ref idref="oc-53"/>
      </symbol>
      <symbol id="sm-492">
         <name>__TI_decompress_none</name>
         <value>0x83a40</value>
         <object_component_ref idref="oc-2a"/>
      </symbol>
      <symbol id="sm-4a6">
         <name>__TI_decompress_lzss</name>
         <value>0x83727</value>
         <object_component_ref idref="oc-24"/>
      </symbol>
      <symbol id="sm-4bc">
         <name>C$$EXIT</name>
         <value>0x837aa</value>
         <object_component_ref idref="oc-1a8"/>
      </symbol>
      <symbol id="sm-4bd">
         <name>abort</name>
         <value>0x837aa</value>
         <object_component_ref idref="oc-1a8"/>
      </symbol>
      <symbol id="sm-4be">
         <name>exit</name>
         <value>0x837ac</value>
         <object_component_ref idref="oc-1a8"/>
      </symbol>
      <symbol id="sm-4bf">
         <name>__TI_dtors_ptr</name>
         <value>0xa8be</value>
         <object_component_ref idref="oc-271"/>
      </symbol>
      <symbol id="sm-4c0">
         <name>__TI_cleanup_ptr</name>
         <value>0xa8bc</value>
         <object_component_ref idref="oc-271"/>
      </symbol>
      <symbol id="sm-4c1">
         <name>__TI_enable_exit_profile_output</name>
         <value>0xa8ba</value>
         <object_component_ref idref="oc-271"/>
      </symbol>
      <symbol id="sm-4d8">
         <name>_nop</name>
         <value>0x83a37</value>
         <object_component_ref idref="oc-2b6"/>
      </symbol>
      <symbol id="sm-4d9">
         <name>_lock</name>
         <value>0xa8c4</value>
         <object_component_ref idref="oc-274"/>
      </symbol>
      <symbol id="sm-4da">
         <name>_unlock</name>
         <value>0xa8c6</value>
         <object_component_ref idref="oc-2fa"/>
      </symbol>
      <symbol id="sm-4db">
         <name>_register_lock</name>
         <value>0x83a33</value>
         <object_component_ref idref="oc-2b6"/>
      </symbol>
      <symbol id="sm-4dc">
         <name>_register_unlock</name>
         <value>0x83a2f</value>
         <object_component_ref idref="oc-2b6"/>
      </symbol>
      <symbol id="sm-4eb">
         <name>_args_main</name>
         <value>0x83a0f</value>
         <object_component_ref idref="oc-1a2"/>
      </symbol>
      <symbol id="sm-4fa">
         <name>_system_post_cinit</name>
         <value>0x83a55</value>
         <object_component_ref idref="oc-29c"/>
      </symbol>
      <symbol id="sm-4fc">
         <name>__c_args__</name>
         <value>0x0</value>
      </symbol>
   </symbol_table>
   <title>Link successful</title>
</link_info>
